Archive member included to satisfy reference by file (symbol)

c:/st/stm32cubeide_1.5.1/stm32cubeide/plugins/com.st.stm32cube.ide.mcu.externaltools.gnu-tools-for-stm32.7-2018-q2-update.win32_1.5.0.202011040924/tools/bin/../lib/gcc/arm-none-eabi/7.3.1/../../../../arm-none-eabi/lib/thumb/v7e-m/fpv4-sp/hard\libc_nano.a(lib_a-errno.o)
                              Core/Src/syscalls.o (__errno)
c:/st/stm32cubeide_1.5.1/stm32cubeide/plugins/com.st.stm32cube.ide.mcu.externaltools.gnu-tools-for-stm32.7-2018-q2-update.win32_1.5.0.202011040924/tools/bin/../lib/gcc/arm-none-eabi/7.3.1/../../../../arm-none-eabi/lib/thumb/v7e-m/fpv4-sp/hard\libc_nano.a(lib_a-exit.o)
                              c:/st/stm32cubeide_1.5.1/stm32cubeide/plugins/com.st.stm32cube.ide.mcu.externaltools.gnu-tools-for-stm32.7-2018-q2-update.win32_1.5.0.202011040924/tools/bin/../lib/gcc/arm-none-eabi/7.3.1/../../../../arm-none-eabi/lib/thumb/v7e-m/fpv4-sp/hard/crt0.o (exit)
c:/st/stm32cubeide_1.5.1/stm32cubeide/plugins/com.st.stm32cube.ide.mcu.externaltools.gnu-tools-for-stm32.7-2018-q2-update.win32_1.5.0.202011040924/tools/bin/../lib/gcc/arm-none-eabi/7.3.1/../../../../arm-none-eabi/lib/thumb/v7e-m/fpv4-sp/hard\libc_nano.a(lib_a-impure.o)
                              c:/st/stm32cubeide_1.5.1/stm32cubeide/plugins/com.st.stm32cube.ide.mcu.externaltools.gnu-tools-for-stm32.7-2018-q2-update.win32_1.5.0.202011040924/tools/bin/../lib/gcc/arm-none-eabi/7.3.1/../../../../arm-none-eabi/lib/thumb/v7e-m/fpv4-sp/hard\libc_nano.a(lib_a-exit.o) (_global_impure_ptr)
c:/st/stm32cubeide_1.5.1/stm32cubeide/plugins/com.st.stm32cube.ide.mcu.externaltools.gnu-tools-for-stm32.7-2018-q2-update.win32_1.5.0.202011040924/tools/bin/../lib/gcc/arm-none-eabi/7.3.1/../../../../arm-none-eabi/lib/thumb/v7e-m/fpv4-sp/hard\libc_nano.a(lib_a-init.o)
                              c:/st/stm32cubeide_1.5.1/stm32cubeide/plugins/com.st.stm32cube.ide.mcu.externaltools.gnu-tools-for-stm32.7-2018-q2-update.win32_1.5.0.202011040924/tools/bin/../lib/gcc/arm-none-eabi/7.3.1/../../../../arm-none-eabi/lib/thumb/v7e-m/fpv4-sp/hard/crt0.o (__libc_init_array)
c:/st/stm32cubeide_1.5.1/stm32cubeide/plugins/com.st.stm32cube.ide.mcu.externaltools.gnu-tools-for-stm32.7-2018-q2-update.win32_1.5.0.202011040924/tools/bin/../lib/gcc/arm-none-eabi/7.3.1/../../../../arm-none-eabi/lib/thumb/v7e-m/fpv4-sp/hard\libc_nano.a(lib_a-memset.o)
                              c:/st/stm32cubeide_1.5.1/stm32cubeide/plugins/com.st.stm32cube.ide.mcu.externaltools.gnu-tools-for-stm32.7-2018-q2-update.win32_1.5.0.202011040924/tools/bin/../lib/gcc/arm-none-eabi/7.3.1/../../../../arm-none-eabi/lib/thumb/v7e-m/fpv4-sp/hard/crt0.o (memset)
c:/st/stm32cubeide_1.5.1/stm32cubeide/plugins/com.st.stm32cube.ide.mcu.externaltools.gnu-tools-for-stm32.7-2018-q2-update.win32_1.5.0.202011040924/tools/bin/../lib/gcc/arm-none-eabi/7.3.1/../../../../arm-none-eabi/lib/thumb/v7e-m/fpv4-sp/hard\libc_nano.a(lib_a-nano-vfprintf_float.o)
                              (_printf_float)
c:/st/stm32cubeide_1.5.1/stm32cubeide/plugins/com.st.stm32cube.ide.mcu.externaltools.gnu-tools-for-stm32.7-2018-q2-update.win32_1.5.0.202011040924/tools/bin/../lib/gcc/arm-none-eabi/7.3.1/../../../../arm-none-eabi/lib/thumb/v7e-m/fpv4-sp/hard\libc_nano.a(lib_a-nano-vfprintf_i.o)
                              c:/st/stm32cubeide_1.5.1/stm32cubeide/plugins/com.st.stm32cube.ide.mcu.externaltools.gnu-tools-for-stm32.7-2018-q2-update.win32_1.5.0.202011040924/tools/bin/../lib/gcc/arm-none-eabi/7.3.1/../../../../arm-none-eabi/lib/thumb/v7e-m/fpv4-sp/hard\libc_nano.a(lib_a-nano-vfprintf_float.o) (_printf_common)
c:/st/stm32cubeide_1.5.1/stm32cubeide/plugins/com.st.stm32cube.ide.mcu.externaltools.gnu-tools-for-stm32.7-2018-q2-update.win32_1.5.0.202011040924/tools/bin/../lib/gcc/arm-none-eabi/7.3.1/../../../../arm-none-eabi/lib/thumb/v7e-m/fpv4-sp/hard\libc_nano.a(lib_a-nano-vfscanf_float.o)
                              (_scanf_float)
c:/st/stm32cubeide_1.5.1/stm32cubeide/plugins/com.st.stm32cube.ide.mcu.externaltools.gnu-tools-for-stm32.7-2018-q2-update.win32_1.5.0.202011040924/tools/bin/../lib/gcc/arm-none-eabi/7.3.1/../../../../arm-none-eabi/lib/thumb/v7e-m/fpv4-sp/hard\libc_nano.a(lib_a-printf.o)
                              Core/Src/main.o (printf)
c:/st/stm32cubeide_1.5.1/stm32cubeide/plugins/com.st.stm32cube.ide.mcu.externaltools.gnu-tools-for-stm32.7-2018-q2-update.win32_1.5.0.202011040924/tools/bin/../lib/gcc/arm-none-eabi/7.3.1/../../../../arm-none-eabi/lib/thumb/v7e-m/fpv4-sp/hard\libc_nano.a(lib_a-puts.o)
                              Core/Src/LineSensor.o (puts)
c:/st/stm32cubeide_1.5.1/stm32cubeide/plugins/com.st.stm32cube.ide.mcu.externaltools.gnu-tools-for-stm32.7-2018-q2-update.win32_1.5.0.202011040924/tools/bin/../lib/gcc/arm-none-eabi/7.3.1/../../../../arm-none-eabi/lib/thumb/v7e-m/fpv4-sp/hard\libc_nano.a(lib_a-sf_nan.o)
[...]
Memory Configuration

Name             Origin             Length             Attributes
CCMRAM           0x0000000010000000 0x0000000000010000 xrw
RAM              0x0000000020000000 0x0000000000050000 xrw
FLASH            0x0000000008000000 0x0000000000100000 xr
*default*        0x0000000000000000 0xffffffffffffffff

Linker script and memory map

LOAD c:/st/stm32cubeide_1.5.1/stm32cubeide/plugins/com.st.stm32cube.ide.mcu.externaltools.gnu-tools-for-stm32.7-2018-q2-update.win32_1.5.0.202011040924/tools/bin/../lib/gcc/arm-none-eabi/7.3.1/thumb/v7e-m/fpv4-sp/hard/crti.o
LOAD c:/st/stm32cubeide_1.5.1/stm32cubeide/plugins/com.st.stm32cube.ide.mcu.externaltools.gnu-tools-for-stm32.7-2018-q2-update.win32_1.5.0.202011040924/tools/bin/../lib/gcc/arm-none-eabi/7.3.1/thumb/v7e-m/fpv4-sp/hard/crtbegin.o
LOAD c:/st/stm32cubeide_1.5.1/stm32cubeide/plugins/com.st.stm32cube.ide.mcu.externaltools.gnu-tools-for-stm32.7-2018-q2-update.win32_1.5.0.202011040924/tools/bin/../lib/gcc/arm-none-eabi/7.3.1/../../../../arm-none-eabi/lib/thumb/v7e-m/fpv4-sp/hard/crt0.o
LOAD Core/Src/AQM0802.o
LOAD Core/Src/HAL_SDcard_lib.o
LOAD Core/Src/LineSensor.o
LOAD Core/Src/SideSensor.o
LOAD Core/Src/main.o
LOAD Core/Src/stm32f4xx_hal_msp.o
LOAD Core/Src/stm32f4xx_it.o
LOAD Core/Src/syscalls.o
LOAD Core/Src/sysmem.o
LOAD Core/Src/system_stm32f4xx.o
LOAD Core/Src/wrapper.o
LOAD Core/Startup/startup_stm32f469vgtx.o
LOAD Drivers/STM32F4xx_HAL_Driver/Src/stm32f4xx_hal.o
LOAD Drivers/STM32F4xx_HAL_Driver/Src/stm32f4xx_hal_adc.o
LOAD Drivers/STM32F4xx_HAL_Driver/Src/stm32f4xx_hal_adc_ex.o
LOAD Drivers/STM32F4xx_HAL_Driver/Src/stm32f4xx_hal_cortex.o
LOAD Drivers/STM32F4xx_HAL_Driver/Src/stm32f4xx_hal_dma.o
LOAD Drivers/STM32F4xx_HAL_Driver/Src/stm32f4xx_hal_dma_ex.o
LOAD Drivers/STM32F4xx_HAL_Driver/Src/stm32f4xx_hal_exti.o
LOAD Drivers/STM32F4xx_HAL_Driver/Src/stm32f4xx_hal_flash.o
LOAD Drivers/STM32F4xx_HAL_Driver/Src/stm32f4xx_hal_flash_ex.o
LOAD Drivers/STM32F4xx_HAL_Driver/Src/stm32f4xx_hal_flash_ramfunc.o
LOAD Drivers/STM32F4xx_HAL_Driver/Src/stm32f4xx_hal_gpio.o
LOAD Drivers/STM32F4xx_HAL_Driver/Src/stm32f4xx_hal_i2c.o
LOAD Drivers/STM32F4xx_HAL_Driver/Src/stm32f4xx_hal_i2c_ex.o
LOAD Drivers/STM32F4xx_HAL_Driver/Src/stm32f4xx_hal_pwr.o
LOAD Drivers/STM32F4xx_HAL_Driver/Src/stm32f4xx_hal_pwr_ex.o
LOAD Drivers/STM32F4xx_HAL_Driver/Src/stm32f4xx_hal_rcc.o
LOAD Drivers/STM32F4xx_HAL_Driver/Src/stm32f4xx_hal_rcc_ex.o
LOAD Drivers/STM32F4xx_HAL_Driver/Src/stm32f4xx_hal_sd.o
LOAD Drivers/STM32F4xx_HAL_Driver/Src/stm32f4xx_hal_spi.o
LOAD Drivers/STM32F4xx_HAL_Driver/Src/stm32f4xx_hal_tim.o
LOAD Drivers/STM32F4xx_HAL_Driver/Src/stm32f4xx_hal_tim_ex.o
LOAD Drivers/STM32F4xx_HAL_Driver/Src/stm32f4xx_hal_uart.o
LOAD Drivers/STM32F4xx_HAL_Driver/Src/stm32f4xx_ll_sdmmc.o
LOAD FATFS/App/fatfs.o
LOAD FATFS/Target/bsp_driver_sd.o
LOAD FATFS/Target/fatfs_platform.o
LOAD FATFS/Target/sd_diskio.o
LOAD Middlewares/Third_Party/FatFs/src/diskio.o
LOAD Middlewares/Third_Party/FatFs/src/ff.o
LOAD Middlewares/Third_Party/FatFs/src/ff_gen_drv.o
LOAD Middlewares/Third_Party/FatFs/src/option/ccsbcs.o
LOAD Middlewares/Third_Party/FatFs/src/option/syscall.o
START GROUP
LOAD c:/st/stm32cubeide_1.5.1/stm32cubeide/plugins/com.st.stm32cube.ide.mcu.externaltools.gnu-tools-for-stm32.7-2018-q2-update.win32_1.5.0.202011040924/tools/bin/../lib/gcc/arm-none-eabi/7.3.1/../../../../arm-none-eabi/lib/thumb/v7e-m/fpv4-sp/hard\libstdc++_nano.a
LOAD c:/st/stm32cubeide_1.5.1/stm32cubeide/plugins/com.st.stm32cube.ide.mcu.externaltools.gnu-tools-for-stm32.7-2018-q2-update.win32_1.5.0.202011040924/tools/bin/../lib/gcc/arm-none-eabi/7.3.1/../../../../arm-none-eabi/lib/thumb/v7e-m/fpv4-sp/hard\libsupc++_nano.a
END GROUP
LOAD c:/st/stm32cubeide_1.5.1/stm32cubeide/plugins/com.st.stm32cube.ide.mcu.externaltools.gnu-tools-for-stm32.7-2018-q2-update.win32_1.5.0.202011040924/tools/bin/../lib/gcc/arm-none-eabi/7.3.1/../../../../arm-none-eabi/lib/thumb/v7e-m/fpv4-sp/hard\libstdc++_nano.a
LOAD c:/st/stm32cubeide_1.5.1/stm32cubeide/plugins/com.st.stm32cube.ide.mcu.externaltools.gnu-tools-for-stm32.7-2018-q2-update.win32_1.5.0.202011040924/tools/bin/../lib/gcc/arm-none-eabi/7.3.1/../../../../arm-none-eabi/lib/thumb/v7e-m/fpv4-sp/hard\libm.a
LOAD c:/st/stm32cubeide_1.5.1/stm32cubeide/plugins/com.st.stm32cube.ide.mcu.externaltools.gnu-tools-for-stm32.7-2018-q2-update.win32_1.5.0.202011040924/tools/bin/../lib/gcc/arm-none-eabi/7.3.1/../../../../arm-none-eabi/lib/thumb/v7e-m/fpv4-sp/hard\libc_nano.a
START GROUP
LOAD c:/st/stm32cubeide_1.5.1/stm32cubeide/plugins/com.st.stm32cube.ide.mcu.externaltools.gnu-tools-for-stm32.7-2018-q2-update.win32_1.5.0.202011040924/tools/bin/../lib/gcc/arm-none-eabi/7.3.1/thumb/v7e-m/fpv4-sp/hard\libgcc.a
LOAD c:/st/stm32cubeide_1.5.1/stm32cubeide/plugins/com.st.stm32cube.ide.mcu.externaltools.gnu-tools-for-stm32.7-2018-q2-update.win32_1.5.0.202011040924/tools/bin/../lib/gcc/arm-none-eabi/7.3.1/../../../../arm-none-eabi/lib/thumb/v7e-m/fpv4-sp/hard\libc_nano.a
END GROUP
START GROUP
LOAD c:/st/stm32cubeide_1.5.1/stm32cubeide/plugins/com.st.stm32cube.ide.mcu.externaltools.gnu-tools-for-stm32.7-2018-q2-update.win32_1.5.0.202011040924/tools/bin/../lib/gcc/arm-none-eabi/7.3.1/thumb/v7e-m/fpv4-sp/hard\libgcc.a
LOAD c:/st/stm32cubeide_1.5.1/stm32cubeide/plugins/com.st.stm32cube.ide.mcu.externaltools.gnu-tools-for-stm32.7-2018-q2-update.win32_1.5.0.202011040924/tools/bin/../lib/gcc/arm-none-eabi/7.3.1/../../../../arm-none-eabi/lib/thumb/v7e-m/fpv4-sp/hard\libc_nano.a
LOAD c:/st/stm32cubeide_1.5.1/stm32cubeide/plugins/com.st.stm32cube.ide.mcu.externaltools.gnu-tools-for-stm32.7-2018-q2-update.win32_1.5.0.202011040924/tools/bin/../lib/gcc/arm-none-eabi/7.3.1/../../../../arm-none-eabi/lib/thumb/v7e-m/fpv4-sp/hard\libnosys.a
END GROUP
START GROUP
LOAD c:/st/stm32cubeide_1.5.1/stm32cubeide/plugins/com.st.stm32cube.ide.mcu.externaltools.gnu-tools-for-stm32.7-2018-q2-update.win32_1.5.0.202011040924/tools/bin/../lib/gcc/arm-none-eabi/7.3.1/thumb/v7e-m/fpv4-sp/hard\libgcc.a
LOAD c:/st/stm32cubeide_1.5.1/stm32cubeide/plugins/com.st.stm32cube.ide.mcu.externaltools.gnu-tools-for-stm32.7-2018-q2-update.win32_1.5.0.202011040924/tools/bin/../lib/gcc/arm-none-eabi/7.3.1/../../../../arm-none-eabi/lib/thumb/v7e-m/fpv4-sp/hard\libc_nano.a
LOAD c:/st/stm32cubeide_1.5.1/stm32cubeide/plugins/com.st.stm32cube.ide.mcu.externaltools.gnu-tools-for-stm32.7-2018-q2-update.win32_1.5.0.202011040924/tools/bin/../lib/gcc/arm-none-eabi/7.3.1/../../../../arm-none-eabi/lib/thumb/v7e-m/fpv4-sp/hard\libnosys.a
END GROUP
LOAD c:/st/stm32cubeide_1.5.1/stm32cubeide/plugins/com.st.stm32cube.ide.mcu.externaltools.gnu-tools-for-stm32.7-2018-q2-update.win32_1.5.0.202011040924/tools/bin/../lib/gcc/arm-none-eabi/7.3.1/thumb/v7e-m/fpv4-sp/hard/crtend.o
LOAD c:/st/stm32cubeide_1.5.1/stm32cubeide/plugins/com.st.stm32cube.ide.mcu.externaltools.gnu-tools-for-stm32.7-2018-q2-update.win32_1.5.0.202011040924/tools/bin/../lib/gcc/arm-none-eabi/7.3.1/thumb/v7e-m/fpv4-sp/hard/crtn.o
                0x0000000020050000                _estack = (ORIGIN (RAM) + LENGTH (RAM))
                0x0000000000000200                _Min_Heap_Size = 0x200
                0x0000000000000400                _Min_Stack_Size = 0x400

.isr_vector     0x0000000008000000      0x1b4
                0x0000000008000000                . = ALIGN (0x4)
 *(.isr_vector)
 .isr_vector    0x0000000008000000      0x1b4 Core/Startup/startup_stm32f469vgtx.o
                0x0000000008000000                g_pfnVectors
                0x00000000080001b4                . = ALIGN (0x4)

.text           0x00000000080001c0    0x124b0
                0x00000000080001c0                . = ALIGN (0x4)
 *(.text)
 .text          0x00000000080001c0       0x40 c:/st/stm32cubeide_1.5.1/stm32cubeide/plugins/com.st.stm32cube.ide.mcu.externaltools.gnu-tools-for-stm32.7-2018-q2-update.win32_1.5.0.202011040924/tools/bin/../lib/gcc/arm-none-eabi/7.3.1/thumb/v7e-m/fpv4-sp/hard/crtbegin.o
 .text          0x0000000008000200       0x10 c:/st/stm32cubeide_1.5.1/stm32cubeide/plugins/com.st.stm32cube.ide.mcu.externaltools.gnu-tools-for-stm32.7-2018-q2-update.win32_1.5.0.202011040924/tools/bin/../lib/gcc/arm-none-eabi/7.3.1/../../../../arm-none-eabi/lib/thumb/v7e-m/fpv4-sp/hard\libc_nano.a(lib_a-strlen.o)
                0x0000000008000200                strlen
 .text          0x0000000008000210       0xa0 c:/st/stm32cubeide_1.5.1/stm32cubeide/plugins/com.st.stm32cube.ide.mcu.externaltools.gnu-tools-for-stm32.7-2018-q2-update.win32_1.5.0.202011040924/tools/bin/../lib/gcc/arm-none-eabi/7.3.1/../../../../arm-none-eabi/lib/thumb/v7e-m/fpv4-sp/hard\libc_nano.a(lib_a-memchr.o)
                0x0000000008000210                memchr
 .text          0x00000000080002b0      0x378 c:/st/stm32cubeide_1.5.1/stm32cubeide/plugins/com.st.stm32cube.ide.mcu.externaltools.gnu-tools-for-stm32.7-2018-q2-update.win32_1.5.0.202011040924/tools/bin/../lib/gcc/arm-none-eabi/7.3.1/thumb/v7e-m/fpv4-sp/hard\libgcc.a(_arm_addsubdf3.o)
                0x00000000080002b0                __aeabi_drsub
                0x00000000080002b8                __aeabi_dsub
                0x00000000080002b8                __subdf3
                0x00000000080002bc                __aeabi_dadd
                0x00000000080002bc                __adddf3
                0x0000000008000534                __floatunsidf
                0x0000000008000534                __aeabi_ui2d
                0x0000000008000554                __floatsidf
                0x0000000008000554                __aeabi_i2d
                0x0000000008000578                __aeabi_f2d
                0x0000000008000578                __extendsfdf2
                0x00000000080005bc                __floatundidf
                0x00000000080005bc                __aeabi_ul2d
                0x00000000080005cc                __floatdidf
                0x00000000080005cc                __aeabi_l2d
 .text          0x0000000008000628      0x424 c:/st/stm32cubeide_1.5.1/stm32cubeide/plugins/com.st.stm32cube.ide.mcu.externaltools.gnu-tools-for-stm32.7-2018-q2-update.win32_1.5.0.202011040924/tools/bin/../lib/gcc/arm-none-eabi/7.3.1/thumb/v7e-m/fpv4-sp/hard\libgcc.a(_arm_muldivdf3.o)
                0x0000000008000628                __aeabi_dmul
                0x0000000008000628                __muldf3
                0x000000000800087c                __divdf3
                0x000000000800087c                __aeabi_ddiv
 .text          0x0000000008000a4c      0x110 c:/st/stm32cubeide_1.5.1/stm32cubeide/plugins/com.st.stm32cube.ide.mcu.externaltools.gnu-tools-for-stm32.7-2018-q2-update.win32_1.5.0.202011040924/tools/bin/../lib/gcc/arm-none-eabi/7.3.1/thumb/v7e-m/fpv4-sp/hard\libgcc.a(_arm_cmpdf2.o)
                0x0000000008000a4c                __gtdf2
                0x0000000008000a4c                __gedf2
                0x0000000008000a54                __ltdf2
                0x0000000008000a54                __ledf2
                0x0000000008000a5c                __nedf2
                0x0000000008000a5c                __eqdf2
                0x0000000008000a5c                __cmpdf2
                0x0000000008000ad8                __aeabi_cdrcmple
                0x0000000008000ae8                __aeabi_cdcmpeq
                0x0000000008000ae8                __aeabi_cdcmple
                0x0000000008000af8                __aeabi_dcmpeq
                0x0000000008000b0c                __aeabi_dcmplt
                0x0000000008000b20                __aeabi_dcmple
                0x0000000008000b34                __aeabi_dcmpge
                0x0000000008000b48                __aeabi_dcmpgt
 .text          0x0000000008000b5c       0x2c c:/st/stm32cubeide_1.5.1/stm32cubeide/plugins/com.st.stm32cube.ide.mcu.externaltools.gnu-tools-for-stm32.7-2018-q2-update.win32_1.5.0.202011040924/tools/bin/../lib/gcc/arm-none-eabi/7.3.1/thumb/v7e-m/fpv4-sp/hard\libgcc.a(_arm_unorddf2.o)
                0x0000000008000b5c                __unorddf2
                0x0000000008000b5c                __aeabi_dcmpun
 .text          0x0000000008000b88       0x50 c:/st/stm32cubeide_1.5.1/stm32cubeide/plugins/com.st.stm32cube.ide.mcu.externaltools.gnu-tools-for-stm32.7-2018-q2-update.win32_1.5.0.202011040924/tools/bin/../lib/gcc/arm-none-eabi/7.3.1/thumb/v7e-m/fpv4-sp/hard\libgcc.a(_arm_fixdfsi.o)
                0x0000000008000b88                __aeabi_d2iz
                0x0000000008000b88                __fixdfsi
 .text          0x0000000008000bd8       0x40 c:/st/stm32cubeide_1.5.1/stm32cubeide/plugins/com.st.stm32cube.ide.mcu.externaltools.gnu-tools-for-stm32.7-2018-q2-update.win32_1.5.0.202011040924/tools/bin/../lib/gcc/arm-none-eabi/7.3.1/thumb/v7e-m/fpv4-sp/hard\libgcc.a(_arm_fixunsdfsi.o)
                0x0000000008000bd8                __aeabi_d2uiz
                0x0000000008000bd8                __fixunsdfsi
 .text          0x0000000008000c18       0xa0 c:/st/stm32cubeide_1.5.1/stm32cubeide/plugins/com.st.stm32cube.ide.mcu.externaltools.gnu-tools-for-stm32.7-2018-q2-update.win32_1.5.0.202011040924/tools/bin/../lib/gcc/arm-none-eabi/7.3.1/thumb/v7e-m/fpv4-sp/hard\libgcc.a(_arm_truncdfsf2.o)
                0x0000000008000c18                __truncdfsf2
                0x0000000008000c18                __aeabi_d2f
 .text          0x0000000008000cb8       0x30 c:/st/stm32cubeide_1.5.1/stm32cubeide/plugins/com.st.stm32cube.ide.mcu.externaltools.gnu-tools-for-stm32.7-2018-q2-update.win32_1.5.0.202011040924/tools/bin/../lib/gcc/arm-none-eabi/7.3.1/thumb/v7e-m/fpv4-sp/hard\libgcc.a(_aeabi_uldivmod.o)
                0x0000000008000cb8                __aeabi_uldivmod
 .text          0x0000000008000ce8      0x2cc c:/st/stm32cubeide_1.5.1/stm32cubeide/plugins/com.st.stm32cube.ide.mcu.externaltools.gnu-tools-for-stm32.7-2018-q2-update.win32_1.5.0.202011040924/tools/bin/../lib/gcc/arm-none-eabi/7.3.1/thumb/v7e-m/fpv4-sp/hard\libgcc.a(_udivmoddi4.o)
                0x0000000008000ce8                __udivmoddi4
 .text          0x0000000008000fb4        0x4 c:/st/stm32cubeide_1.5.1/stm32cubeide/plugins/com.st.stm32cube.ide.mcu.externaltools.gnu-tools-for-stm32.7-2018-q2-update.win32_1.5.0.202011040924/tools/bin/../lib/gcc/arm-none-eabi/7.3.1/thumb/v7e-m/fpv4-sp/hard\libgcc.a(_dvmd_tls.o)
                0x0000000008000fb4                __aeabi_idiv0
                0x0000000008000fb4                __aeabi_ldiv0
 *(.text*)
 .text.lcd_cmd  0x0000000008000fb8       0x30 Core/Src/AQM0802.o
                0x0000000008000fb8                lcd_cmd
 .text.lcd_data
                0x0000000008000fe8       0x30 Core/Src/AQM0802.o
                0x0000000008000fe8                lcd_data
 .text.lcd_init
                0x0000000008001018       0x88 Core/Src/AQM0802.o
                0x0000000008001018                lcd_init
 .text.lcd_clear
                0x00000000080010a0       0x20 Core/Src/AQM0802.o
                0x00000000080010a0                lcd_clear
 .text.lcd_locate
                0x00000000080010c0       0x2a Core/Src/AQM0802.o
                0x00000000080010c0                lcd_locate
 .text.lcd_print
                0x00000000080010ea       0x2a Core/Src/AQM0802.o
                0x00000000080010ea                lcd_print
 .text.lcd_printf
                0x0000000008001114       0x40 Core/Src/AQM0802.o
                0x0000000008001114                lcd_printf
 .text.sd_write_array_int
                0x0000000008001154       0xbc Core/Src/HAL_SDcard_lib.o
                0x0000000008001154                sd_write_array_int
 .text.sd_read_array_int
                0x0000000008001210       0x8c Core/Src/HAL_SDcard_lib.o
                0x0000000008001210                sd_read_array_int
 .text.sd_mount
                0x000000000800129c       0x38 Core/Src/HAL_SDcard_lib.o
                0x000000000800129c                sd_mount
 .text.sd_unmount
                0x00000000080012d4       0x34 Core/Src/HAL_SDcard_lib.o
                0x00000000080012d4                sd_unmount
 .text.create_path
                0x0000000008001308       0x2c Core/Src/HAL_SDcard_lib.o
                0x0000000008001308                create_path
 .text.fopen_folder_and_file
                0x0000000008001334       0x34 Core/Src/HAL_SDcard_lib.o
                0x0000000008001334                fopen_folder_and_file
 .text.bufclear
                0x0000000008001368       0x34 Core/Src/HAL_SDcard_lib.o
                0x0000000008001368                bufclear
 .text._ZN10LineSensorC2Ev
                0x000000000800139c       0x16 Core/Src/LineSensor.o
                0x000000000800139c                LineSensor::LineSensor()
                0x000000000800139c                LineSensor::LineSensor()
 *fill*         0x00000000080013b2        0x2 
 .text._ZN10LineSensor8ADCStartEv
                0x00000000080013b4       0x2c Core/Src/LineSensor.o
                0x00000000080013b4                LineSensor::ADCStart()
 .text._ZN10LineSensor19updateSensorvalusesEv
                0x00000000080013e0       0x84 Core/Src/LineSensor.o
                0x00000000080013e0                LineSensor::updateSensorvaluses()
 .text._ZN10SideSensorC2Ev
                0x0000000008001464       0x16 Core/Src/SideSensor.o
                0x0000000008001464                SideSensor::SideSensor()
                0x0000000008001464                SideSensor::SideSensor()
 *fill*         0x000000000800147a        0x2 
 .text._ZN10SideSensor12updateStatusEt
                0x000000000800147c       0xbc Core/Src/SideSensor.o
                0x000000000800147c                SideSensor::updateStatus(unsigned short)
 .text._ZN10SideSensor6statusEv
                0x0000000008001538       0x18 Core/Src/SideSensor.o
                0x0000000008001538                SideSensor::status()
 .text.ITM_SendChar
                0x0000000008001550       0x4e Core/Src/main.o
 .text._write   0x000000000800159e       0x38 Core/Src/main.o
                0x000000000800159e                _write
 .text.HAL_GPIO_EXTI_Callback
                0x00000000080015d6       0x1a Core/Src/main.o
                0x00000000080015d6                HAL_GPIO_EXTI_Callback
 .text.HAL_TIM_PeriodElapsedCallback
                0x00000000080015f0       0x14 Core/Src/main.o
                0x00000000080015f0                HAL_TIM_PeriodElapsedCallback
 .text.init     0x0000000008001604       0xe4 Core/Src/main.o
                0x0000000008001604                init
 .text.main     0x00000000080016e8      0x128 Core/Src/main.o
                0x00000000080016e8                main
 .text.SystemClock_Config
                0x0000000008001810      0x11c Core/Src/main.o
                0x0000000008001810                SystemClock_Config
 .text.MX_ADC2_Init
                0x000000000800192c      0x210 Core/Src/main.o
 .text.MX_I2C1_Init
                0x0000000008001b3c       0x5c Core/Src/main.o
 .text.MX_I2C2_Init
                0x0000000008001b98       0x5c Core/Src/main.o
 .text.MX_SDIO_SD_Init
                0x0000000008001bf4       0x40 Core/Src/main.o
 .text.MX_SPI2_Init
                0x0000000008001c34       0x6c Core/Src/main.o
 .text.MX_TIM1_Init
                0x0000000008001ca0      0x150 Core/Src/main.o
 .text.MX_TIM3_Init
                0x0000000008001df0       0xc8 Core/Src/main.o
 .text.MX_TIM4_Init
                0x0000000008001eb8       0xc8 Core/Src/main.o
 .text.MX_TIM6_Init
                0x0000000008001f80       0x6c Core/Src/main.o
 .text.MX_TIM7_Init
                0x0000000008001fec       0x6c Core/Src/main.o
 .text.MX_TIM8_Init
                0x0000000008002058       0xb0 Core/Src/main.o
 .text.MX_TIM10_Init
                0x0000000008002108       0x9c Core/Src/main.o
 .text.MX_TIM11_Init
                0x00000000080021a4       0x9c Core/Src/main.o
 .text.MX_USART2_UART_Init
                0x0000000008002240       0x54 Core/Src/main.o
 .text.MX_DMA_Init
                0x0000000008002294       0x60 Core/Src/main.o
 .text.MX_GPIO_Init
                0x00000000080022f4      0x2ac Core/Src/main.o
 .text.Error_Handler
                0x00000000080025a0        0x8 Core/Src/main.o
                0x00000000080025a0                Error_Handler
 .text.HAL_MspInit
                0x00000000080025a8       0x50 Core/Src/stm32f4xx_hal_msp.o
                0x00000000080025a8                HAL_MspInit
 .text.HAL_ADC_MspInit
                0x00000000080025f8      0x164 Core/Src/stm32f4xx_hal_msp.o
                0x00000000080025f8                HAL_ADC_MspInit
 .text.HAL_I2C_MspInit
                0x000000000800275c       0xf8 Core/Src/stm32f4xx_hal_msp.o
                0x000000000800275c                HAL_I2C_MspInit
 .text.HAL_SD_MspInit
                0x0000000008002854      0x1e4 Core/Src/stm32f4xx_hal_msp.o
                0x0000000008002854                HAL_SD_MspInit
 .text.HAL_SPI_MspInit
                0x0000000008002a38       0x90 Core/Src/stm32f4xx_hal_msp.o
                0x0000000008002a38                HAL_SPI_MspInit
 .text.HAL_TIM_PWM_MspInit
                0x0000000008002ac8       0xe8 Core/Src/stm32f4xx_hal_msp.o
                0x0000000008002ac8                HAL_TIM_PWM_MspInit
 .text.HAL_TIM_Base_MspInit
                0x0000000008002bb0       0xd4 Core/Src/stm32f4xx_hal_msp.o
                0x0000000008002bb0                HAL_TIM_Base_MspInit
 .text.HAL_TIM_Encoder_MspInit
                0x0000000008002c84       0x90 Core/Src/stm32f4xx_hal_msp.o
                0x0000000008002c84                HAL_TIM_Encoder_MspInit
 .text.HAL_TIM_MspPostInit
                0x0000000008002d14      0x1b4 Core/Src/stm32f4xx_hal_msp.o
                0x0000000008002d14                HAL_TIM_MspPostInit
 .text.HAL_UART_MspInit
                0x0000000008002ec8       0x90 Core/Src/stm32f4xx_hal_msp.o
                0x0000000008002ec8                HAL_UART_MspInit
 .text.NMI_Handler
                0x0000000008002f58        0x6 Core/Src/stm32f4xx_it.o
                0x0000000008002f58                NMI_Handler
 .text.HardFault_Handler
                0x0000000008002f5e        0x6 Core/Src/stm32f4xx_it.o
                0x0000000008002f5e                HardFault_Handler
 .text.MemManage_Handler
                0x0000000008002f64        0x6 Core/Src/stm32f4xx_it.o
                0x0000000008002f64                MemManage_Handler
 .text.BusFault_Handler
                0x0000000008002f6a        0x6 Core/Src/stm32f4xx_it.o
                0x0000000008002f6a                BusFault_Handler
 .text.UsageFault_Handler
                0x0000000008002f70        0x6 Core/Src/stm32f4xx_it.o
                0x0000000008002f70                UsageFault_Handler
 .text.SVC_Handler
                0x0000000008002f76        0xe Core/Src/stm32f4xx_it.o
                0x0000000008002f76                SVC_Handler
 .text.DebugMon_Handler
                0x0000000008002f84        0xe Core/Src/stm32f4xx_it.o
                0x0000000008002f84                DebugMon_Handler
 .text.PendSV_Handler
                0x0000000008002f92        0xe Core/Src/stm32f4xx_it.o
                0x0000000008002f92                PendSV_Handler
 .text.SysTick_Handler
                0x0000000008002fa0        0xc Core/Src/stm32f4xx_it.o
                0x0000000008002fa0                SysTick_Handler
 .text.EXTI0_IRQHandler
                0x0000000008002fac        0xe Core/Src/stm32f4xx_it.o
                0x0000000008002fac                EXTI0_IRQHandler
 .text.EXTI2_IRQHandler
                0x0000000008002fba        0xe Core/Src/stm32f4xx_it.o
                0x0000000008002fba                EXTI2_IRQHandler
 .text.EXTI9_5_IRQHandler
                0x0000000008002fc8       0x16 Core/Src/stm32f4xx_it.o
                0x0000000008002fc8                EXTI9_5_IRQHandler
 .text.EXTI15_10_IRQHandler
                0x0000000008002fde       0x10 Core/Src/stm32f4xx_it.o
                0x0000000008002fde                EXTI15_10_IRQHandler
 *fill*         0x0000000008002fee        0x2 
 .text.SDIO_IRQHandler
                0x0000000008002ff0       0x14 Core/Src/stm32f4xx_it.o
                0x0000000008002ff0                SDIO_IRQHandler
 .text.TIM6_DAC_IRQHandler
                0x0000000008003004       0x14 Core/Src/stm32f4xx_it.o
                0x0000000008003004                TIM6_DAC_IRQHandler
 .text.DMA2_Stream2_IRQHandler
                0x0000000008003018       0x14 Core/Src/stm32f4xx_it.o
                0x0000000008003018                DMA2_Stream2_IRQHandler
 .text.DMA2_Stream3_IRQHandler
                0x000000000800302c       0x14 Core/Src/stm32f4xx_it.o
                0x000000000800302c                DMA2_Stream3_IRQHandler
 .text.DMA2_Stream6_IRQHandler
                0x0000000008003040       0x14 Core/Src/stm32f4xx_it.o
                0x0000000008003040                DMA2_Stream6_IRQHandler
 .text._read    0x0000000008003054       0x3a Core/Src/syscalls.o
                0x0000000008003054                _read
 .text._close   0x000000000800308e       0x18 Core/Src/syscalls.o
                0x000000000800308e                _close
 .text._fstat   0x00000000080030a6       0x20 Core/Src/syscalls.o
                0x00000000080030a6                _fstat
 .text._isatty  0x00000000080030c6       0x16 Core/Src/syscalls.o
                0x00000000080030c6                _isatty
 .text._lseek   0x00000000080030dc       0x1a Core/Src/syscalls.o
                0x00000000080030dc                _lseek
 *fill*         0x00000000080030f6        0x2 
 .text._sbrk    0x00000000080030f8       0x6c Core/Src/sysmem.o
                0x00000000080030f8                _sbrk
 .text.SystemInit
                0x0000000008003164       0x2c Core/Src/system_stm32f4xx.o
                0x0000000008003164                SystemInit
 .text.cppInit  0x0000000008003190       0x14 Core/Src/wrapper.o
                0x0000000008003190                cppInit
 .text.cppFlip  0x00000000080031a4       0x14 Core/Src/wrapper.o
                0x00000000080031a4                cppFlip
 .text.cppExit  0x00000000080031b8       0x20 Core/Src/wrapper.o
                0x00000000080031b8                cppExit
 .text.cppLoop  0x00000000080031d8       0x40 Core/Src/wrapper.o
                0x00000000080031d8                cppLoop
 .text._Z41__static_initialization_and_destruction_0ii
                0x0000000008003218       0x38 Core/Src/wrapper.o
 .text._GLOBAL__sub_I_line_sensor
                0x0000000008003250       0x10 Core/Src/wrapper.o
 .text.Reset_Handler
                0x0000000008003260       0x50 Core/Startup/startup_stm32f469vgtx.o
                0x0000000008003260                Reset_Handler
 .text.Default_Handler
                0x00000000080032b0        0x2 Core/Startup/startup_stm32f469vgtx.o
                0x00000000080032b0                RTC_Alarm_IRQHandler
                0x00000000080032b0                HASH_RNG_IRQHandler
                0x00000000080032b0                TIM8_CC_IRQHandler
                0x00000000080032b0                UART8_IRQHandler
                0x00000000080032b0                SPI4_IRQHandler
                0x00000000080032b0                TIM1_CC_IRQHandler
                0x00000000080032b0                DMA2_Stream5_IRQHandler
                0x00000000080032b0                DMA1_Stream5_IRQHandler
                0x00000000080032b0                PVD_IRQHandler
                0x00000000080032b0                TAMP_STAMP_IRQHandler
                0x00000000080032b0                CAN2_RX1_IRQHandler
                0x00000000080032b0                EXTI3_IRQHandler
                0x00000000080032b0                TIM8_TRG_COM_TIM14_IRQHandler
                0x00000000080032b0                TIM1_UP_TIM10_IRQHandler
                0x00000000080032b0                TIM8_UP_TIM13_IRQHandler
                0x00000000080032b0                I2C3_ER_IRQHandler
                0x00000000080032b0                I2C2_EV_IRQHandler
                0x00000000080032b0                DMA1_Stream2_IRQHandler
                0x00000000080032b0                CAN1_RX0_IRQHandler
                0x00000000080032b0                FPU_IRQHandler
                0x00000000080032b0                OTG_HS_WKUP_IRQHandler
                0x00000000080032b0                LTDC_ER_IRQHandler
                0x00000000080032b0                CAN2_SCE_IRQHandler
                0x00000000080032b0                SPI1_IRQHandler
                0x00000000080032b0                TIM1_BRK_TIM9_IRQHandler
                0x00000000080032b0                DCMI_IRQHandler
                0x00000000080032b0                CAN2_RX0_IRQHandler
                0x00000000080032b0                USART6_IRQHandler
                0x00000000080032b0                USART3_IRQHandler
                0x00000000080032b0                CAN1_RX1_IRQHandler
                0x00000000080032b0                UART5_IRQHandler
                0x00000000080032b0                DMA2_Stream0_IRQHandler
                0x00000000080032b0                TIM4_IRQHandler
                0x00000000080032b0                QUADSPI_IRQHandler
                0x00000000080032b0                I2C1_EV_IRQHandler
                0x00000000080032b0                DMA1_Stream6_IRQHandler
                0x00000000080032b0                DMA1_Stream1_IRQHandler
                0x00000000080032b0                UART4_IRQHandler
                0x00000000080032b0                TIM3_IRQHandler
                0x00000000080032b0                RCC_IRQHandler
                0x00000000080032b0                TIM8_BRK_TIM12_IRQHandler
                0x00000000080032b0                Default_Handler
                0x00000000080032b0                ADC_IRQHandler
                0x00000000080032b0                DMA1_Stream7_IRQHandler
                0x00000000080032b0                SPI5_IRQHandler
                0x00000000080032b0                TIM7_IRQHandler
                0x00000000080032b0                CAN2_TX_IRQHandler
                0x00000000080032b0                TIM5_IRQHandler
                0x00000000080032b0                DMA2_Stream7_IRQHandler
                0x00000000080032b0                I2C3_EV_IRQHandler
                0x00000000080032b0                RTC_WKUP_IRQHandler
                0x00000000080032b0                LTDC_IRQHandler
                0x00000000080032b0                ETH_WKUP_IRQHandler
                0x00000000080032b0                SPI2_IRQHandler
                0x00000000080032b0                OTG_HS_EP1_IN_IRQHandler
                0x00000000080032b0                DMA1_Stream0_IRQHandler
                0x00000000080032b0                CAN1_TX_IRQHandler
                0x00000000080032b0                EXTI4_IRQHandler
                0x00000000080032b0                DSI_IRQHandler
                0x00000000080032b0                ETH_IRQHandler
                0x00000000080032b0                OTG_HS_EP1_OUT_IRQHandler
                0x00000000080032b0                WWDG_IRQHandler
                0x00000000080032b0                SPI6_IRQHandler
                0x00000000080032b0                TIM2_IRQHandler
                0x00000000080032b0                OTG_FS_WKUP_IRQHandler
                0x00000000080032b0                TIM1_TRG_COM_TIM11_IRQHandler
                0x00000000080032b0                OTG_HS_IRQHandler
                0x00000000080032b0                DMA2D_IRQHandler
                0x00000000080032b0                EXTI1_IRQHandler
                0x00000000080032b0                UART7_IRQHandler
                0x00000000080032b0                USART2_IRQHandler
                0x00000000080032b0                I2C2_ER_IRQHandler
                0x00000000080032b0                DMA2_Stream1_IRQHandler
                0x00000000080032b0                CAN1_SCE_IRQHandler
                0x00000000080032b0                FLASH_IRQHandler
                0x00000000080032b0                DMA2_Stream4_IRQHandler
                0x00000000080032b0                USART1_IRQHandler
                0x00000000080032b0                OTG_FS_IRQHandler
                0x00000000080032b0                SPI3_IRQHandler
                0x00000000080032b0                DMA1_Stream4_IRQHandler
                0x00000000080032b0                I2C1_ER_IRQHandler
                0x00000000080032b0                FMC_IRQHandler
                0x00000000080032b0                SAI1_IRQHandler
                0x00000000080032b0                DMA1_Stream3_IRQHandler
 *fill*         0x00000000080032b2        0x2 
 .text.HAL_Init
                0x00000000080032b4       0x44 Drivers/STM32F4xx_HAL_Driver/Src/stm32f4xx_hal.o
                0x00000000080032b4                HAL_Init
 .text.HAL_InitTick
                0x00000000080032f8       0x60 Drivers/STM32F4xx_HAL_Driver/Src/stm32f4xx_hal.o
                0x00000000080032f8                HAL_InitTick
 .text.HAL_IncTick
                0x0000000008003358       0x28 Drivers/STM32F4xx_HAL_Driver/Src/stm32f4xx_hal.o
                0x0000000008003358                HAL_IncTick
 .text.HAL_GetTick
                0x0000000008003380       0x18 Drivers/STM32F4xx_HAL_Driver/Src/stm32f4xx_hal.o
                0x0000000008003380                HAL_GetTick
 .text.HAL_Delay
                0x0000000008003398       0x44 Drivers/STM32F4xx_HAL_Driver/Src/stm32f4xx_hal.o
                0x0000000008003398                HAL_Delay
 .text.HAL_ADC_Init
                0x00000000080033dc       0x86 Drivers/STM32F4xx_HAL_Driver/Src/stm32f4xx_hal_adc.o
                0x00000000080033dc                HAL_ADC_Init
 *fill*         0x0000000008003462        0x2 
 .text.HAL_ADC_Start_DMA
                0x0000000008003464      0x1e4 Drivers/STM32F4xx_HAL_Driver/Src/stm32f4xx_hal_adc.o
                0x0000000008003464                HAL_ADC_Start_DMA
 .text.HAL_ADC_ConvCpltCallback
                0x0000000008003648       0x14 Drivers/STM32F4xx_HAL_Driver/Src/stm32f4xx_hal_adc.o
                0x0000000008003648                HAL_ADC_ConvCpltCallback
 .text.HAL_ADC_ConvHalfCpltCallback
                0x000000000800365c       0x14 Drivers/STM32F4xx_HAL_Driver/Src/stm32f4xx_hal_adc.o
                0x000000000800365c                HAL_ADC_ConvHalfCpltCallback
 .text.HAL_ADC_ErrorCallback
                0x0000000008003670       0x14 Drivers/STM32F4xx_HAL_Driver/Src/stm32f4xx_hal_adc.o
                0x0000000008003670                HAL_ADC_ErrorCallback
 .text.HAL_ADC_ConfigChannel
                0x0000000008003684      0x264 Drivers/STM32F4xx_HAL_Driver/Src/stm32f4xx_hal_adc.o
                0x0000000008003684                HAL_ADC_ConfigChannel
 .text.ADC_Init
                0x00000000080038e8      0x1f8 Drivers/STM32F4xx_HAL_Driver/Src/stm32f4xx_hal_adc.o
 .text.ADC_DMAConvCplt
                0x0000000008003ae0       0xba Drivers/STM32F4xx_HAL_Driver/Src/stm32f4xx_hal_adc.o
 .text.ADC_DMAHalfConvCplt
                0x0000000008003b9a       0x1c Drivers/STM32F4xx_HAL_Driver/Src/stm32f4xx_hal_adc.o
 .text.ADC_DMAError
                0x0000000008003bb6       0x2e Drivers/STM32F4xx_HAL_Driver/Src/stm32f4xx_hal_adc.o
 .text.__NVIC_SetPriorityGrouping
                0x0000000008003be4       0x48 Drivers/STM32F4xx_HAL_Driver/Src/stm32f4xx_hal_cortex.o
 .text.__NVIC_GetPriorityGrouping
                0x0000000008003c2c       0x1c Drivers/STM32F4xx_HAL_Driver/Src/stm32f4xx_hal_cortex.o
 .text.__NVIC_EnableIRQ
                0x0000000008003c48       0x3c Drivers/STM32F4xx_HAL_Driver/Src/stm32f4xx_hal_cortex.o
 .text.__NVIC_SetPriority
                0x0000000008003c84       0x54 Drivers/STM32F4xx_HAL_Driver/Src/stm32f4xx_hal_cortex.o
 .text.NVIC_EncodePriority
                0x0000000008003cd8       0x66 Drivers/STM32F4xx_HAL_Driver/Src/stm32f4xx_hal_cortex.o
 *fill*         0x0000000008003d3e        0x2 
 .text.SysTick_Config
                0x0000000008003d40       0x44 Drivers/STM32F4xx_HAL_Driver/Src/stm32f4xx_hal_cortex.o
 .text.HAL_NVIC_SetPriorityGrouping
                0x0000000008003d84       0x16 Drivers/STM32F4xx_HAL_Driver/Src/stm32f4xx_hal_cortex.o
                0x0000000008003d84                HAL_NVIC_SetPriorityGrouping
 .text.HAL_NVIC_SetPriority
                0x0000000008003d9a       0x38 Drivers/STM32F4xx_HAL_Driver/Src/stm32f4xx_hal_cortex.o
                0x0000000008003d9a                HAL_NVIC_SetPriority
 .text.HAL_NVIC_EnableIRQ
                0x0000000008003dd2       0x1c Drivers/STM32F4xx_HAL_Driver/Src/stm32f4xx_hal_cortex.o
                0x0000000008003dd2                HAL_NVIC_EnableIRQ
 .text.HAL_SYSTICK_Config
                0x0000000008003dee       0x18 Drivers/STM32F4xx_HAL_Driver/Src/stm32f4xx_hal_cortex.o
                0x0000000008003dee                HAL_SYSTICK_Config
 *fill*         0x0000000008003e06        0x2 
 .text.HAL_DMA_Init
                0x0000000008003e08      0x15c Drivers/STM32F4xx_HAL_Driver/Src/stm32f4xx_hal_dma.o
                0x0000000008003e08                HAL_DMA_Init
 .text.HAL_DMA_Start_IT
                0x0000000008003f64       0xb0 Drivers/STM32F4xx_HAL_Driver/Src/stm32f4xx_hal_dma.o
                0x0000000008003f64                HAL_DMA_Start_IT
 .text.HAL_DMA_Abort_IT
                0x0000000008004014       0x44 Drivers/STM32F4xx_HAL_Driver/Src/stm32f4xx_hal_dma.o
                0x0000000008004014                HAL_DMA_Abort_IT
 .text.HAL_DMA_IRQHandler
                0x0000000008004058      0x314 Drivers/STM32F4xx_HAL_Driver/Src/stm32f4xx_hal_dma.o
                0x0000000008004058                HAL_DMA_IRQHandler
 .text.HAL_DMA_GetError
                0x000000000800436c       0x18 Drivers/STM32F4xx_HAL_Driver/Src/stm32f4xx_hal_dma.o
                0x000000000800436c                HAL_DMA_GetError
 .text.DMA_SetConfig
                0x0000000008004384       0x5c Drivers/STM32F4xx_HAL_Driver/Src/stm32f4xx_hal_dma.o
 .text.DMA_CalcBaseAndBitshift
                0x00000000080043e0       0x6c Drivers/STM32F4xx_HAL_Driver/Src/stm32f4xx_hal_dma.o
 .text.DMA_CheckFifoParam
                0x000000000800444c       0xf4 Drivers/STM32F4xx_HAL_Driver/Src/stm32f4xx_hal_dma.o
 .text.HAL_GPIO_Init
                0x0000000008004540      0x354 Drivers/STM32F4xx_HAL_Driver/Src/stm32f4xx_hal_gpio.o
                0x0000000008004540                HAL_GPIO_Init
 .text.HAL_GPIO_ReadPin
                0x0000000008004894       0x30 Drivers/STM32F4xx_HAL_Driver/Src/stm32f4xx_hal_gpio.o
                0x0000000008004894                HAL_GPIO_ReadPin
 .text.HAL_GPIO_WritePin
                0x00000000080048c4       0x32 Drivers/STM32F4xx_HAL_Driver/Src/stm32f4xx_hal_gpio.o
                0x00000000080048c4                HAL_GPIO_WritePin
 *fill*         0x00000000080048f6        0x2 
 .text.HAL_GPIO_EXTI_IRQHandler
                0x00000000080048f8       0x30 Drivers/STM32F4xx_HAL_Driver/Src/stm32f4xx_hal_gpio.o
                0x00000000080048f8                HAL_GPIO_EXTI_IRQHandler
 .text.HAL_I2C_Init
                0x0000000008004928      0x270 Drivers/STM32F4xx_HAL_Driver/Src/stm32f4xx_hal_i2c.o
                0x0000000008004928                HAL_I2C_Init
 .text.HAL_I2C_Master_Transmit
                0x0000000008004b98      0x1fc Drivers/STM32F4xx_HAL_Driver/Src/stm32f4xx_hal_i2c.o
                0x0000000008004b98                HAL_I2C_Master_Transmit
 .text.I2C_MasterRequestWrite
                0x0000000008004d94      0x104 Drivers/STM32F4xx_HAL_Driver/Src/stm32f4xx_hal_i2c.o
 .text.I2C_WaitOnFlagUntilTimeout
                0x0000000008004e98       0xae Drivers/STM32F4xx_HAL_Driver/Src/stm32f4xx_hal_i2c.o
 .text.I2C_WaitOnMasterAddressFlagUntilTimeout
                0x0000000008004f46       0xfe Drivers/STM32F4xx_HAL_Driver/Src/stm32f4xx_hal_i2c.o
 .text.I2C_WaitOnTXEFlagUntilTimeout
                0x0000000008005044       0x82 Drivers/STM32F4xx_HAL_Driver/Src/stm32f4xx_hal_i2c.o
 .text.I2C_WaitOnBTFFlagUntilTimeout
                0x00000000080050c6       0x82 Drivers/STM32F4xx_HAL_Driver/Src/stm32f4xx_hal_i2c.o
 .text.I2C_IsAcknowledgeFailed
                0x0000000008005148       0x5e Drivers/STM32F4xx_HAL_Driver/Src/stm32f4xx_hal_i2c.o
 *fill*         0x00000000080051a6        0x2 
 .text.HAL_PWREx_EnableOverDrive
                0x00000000080051a8       0xa0 Drivers/STM32F4xx_HAL_Driver/Src/stm32f4xx_hal_pwr_ex.o
                0x00000000080051a8                HAL_PWREx_EnableOverDrive
 .text.HAL_RCC_ClockConfig
                0x0000000008005248      0x1cc Drivers/STM32F4xx_HAL_Driver/Src/stm32f4xx_hal_rcc.o
                0x0000000008005248                HAL_RCC_ClockConfig
 .text.HAL_RCC_GetSysClockFreq
                0x0000000008005414      0x1ac Drivers/STM32F4xx_HAL_Driver/Src/stm32f4xx_hal_rcc.o
                0x0000000008005414                HAL_RCC_GetSysClockFreq
 .text.HAL_RCC_GetHCLKFreq
                0x00000000080055c0       0x18 Drivers/STM32F4xx_HAL_Driver/Src/stm32f4xx_hal_rcc.o
                0x00000000080055c0                HAL_RCC_GetHCLKFreq
 .text.HAL_RCC_GetPCLK1Freq
                0x00000000080055d8       0x28 Drivers/STM32F4xx_HAL_Driver/Src/stm32f4xx_hal_rcc.o
                0x00000000080055d8                HAL_RCC_GetPCLK1Freq
 .text.HAL_RCC_GetPCLK2Freq
                0x0000000008005600       0x28 Drivers/STM32F4xx_HAL_Driver/Src/stm32f4xx_hal_rcc.o
                0x0000000008005600                HAL_RCC_GetPCLK2Freq
 .text.HAL_RCCEx_PeriphCLKConfig
                0x0000000008005628      0x47c Drivers/STM32F4xx_HAL_Driver/Src/stm32f4xx_hal_rcc_ex.o
                0x0000000008005628                HAL_RCCEx_PeriphCLKConfig
 .text.HAL_RCC_OscConfig
                0x0000000008005aa4      0x484 Drivers/STM32F4xx_HAL_Driver/Src/stm32f4xx_hal_rcc_ex.o
                0x0000000008005aa4                HAL_RCC_OscConfig
 .text.HAL_SD_Init
                0x0000000008005f28       0x60 Drivers/STM32F4xx_HAL_Driver/Src/stm32f4xx_hal_sd.o
                0x0000000008005f28                HAL_SD_Init
 .text.HAL_SD_InitCard
                0x0000000008005f88       0xc0 Drivers/STM32F4xx_HAL_Driver/Src/stm32f4xx_hal_sd.o
                0x0000000008005f88                HAL_SD_InitCard
 .text.HAL_SD_ReadBlocks_DMA
                0x0000000008006048      0x1d0 Drivers/STM32F4xx_HAL_Driver/Src/stm32f4xx_hal_sd.o
                0x0000000008006048                HAL_SD_ReadBlocks_DMA
 .text.HAL_SD_WriteBlocks_DMA
                0x0000000008006218      0x1d8 Drivers/STM32F4xx_HAL_Driver/Src/stm32f4xx_hal_sd.o
                0x0000000008006218                HAL_SD_WriteBlocks_DMA
 .text.HAL_SD_IRQHandler
                0x00000000080063f0      0x2ec Drivers/STM32F4xx_HAL_Driver/Src/stm32f4xx_hal_sd.o
                0x00000000080063f0                HAL_SD_IRQHandler
 .text.HAL_SD_ErrorCallback
                0x00000000080066dc       0x14 Drivers/STM32F4xx_HAL_Driver/Src/stm32f4xx_hal_sd.o
                0x00000000080066dc                HAL_SD_ErrorCallback
 .text.HAL_SD_GetCardCSD
                0x00000000080066f0      0x348 Drivers/STM32F4xx_HAL_Driver/Src/stm32f4xx_hal_sd.o
                0x00000000080066f0                HAL_SD_GetCardCSD
 .text.HAL_SD_GetCardInfo
                0x0000000008006a38       0x58 Drivers/STM32F4xx_HAL_Driver/Src/stm32f4xx_hal_sd.o
                0x0000000008006a38                HAL_SD_GetCardInfo
 .text.HAL_SD_ConfigWideBusOperation
                0x0000000008006a90       0xf8 Drivers/STM32F4xx_HAL_Driver/Src/stm32f4xx_hal_sd.o
                0x0000000008006a90                HAL_SD_ConfigWideBusOperation
 .text.HAL_SD_GetCardState
                0x0000000008006b88       0x40 Drivers/STM32F4xx_HAL_Driver/Src/stm32f4xx_hal_sd.o
                0x0000000008006b88                HAL_SD_GetCardState
 .text.SD_DMATransmitCplt
                0x0000000008006bc8       0x2a Drivers/STM32F4xx_HAL_Driver/Src/stm32f4xx_hal_sd.o
 .text.SD_DMAReceiveCplt
                0x0000000008006bf2       0x70 Drivers/STM32F4xx_HAL_Driver/Src/stm32f4xx_hal_sd.o
 *fill*         0x0000000008006c62        0x2 
 .text.SD_DMAError
                0x0000000008006c64       0xa4 Drivers/STM32F4xx_HAL_Driver/Src/stm32f4xx_hal_sd.o
 .text.SD_DMATxAbort
                0x0000000008006d08       0x6e Drivers/STM32F4xx_HAL_Driver/Src/stm32f4xx_hal_sd.o
 .text.SD_DMARxAbort
                0x0000000008006d76       0x6e Drivers/STM32F4xx_HAL_Driver/Src/stm32f4xx_hal_sd.o
 .text.SD_InitCard
                0x0000000008006de4      0x19a Drivers/STM32F4xx_HAL_Driver/Src/stm32f4xx_hal_sd.o
 *fill*         0x0000000008006f7e        0x2 
 .text.SD_PowerON
                0x0000000008006f80      0x11c Drivers/STM32F4xx_HAL_Driver/Src/stm32f4xx_hal_sd.o
 .text.SD_SendStatus
                0x000000000800709c       0x50 Drivers/STM32F4xx_HAL_Driver/Src/stm32f4xx_hal_sd.o
 .text.SD_WideBus_Enable
                0x00000000080070ec       0x96 Drivers/STM32F4xx_HAL_Driver/Src/stm32f4xx_hal_sd.o
 .text.SD_WideBus_Disable
                0x0000000008007182       0x96 Drivers/STM32F4xx_HAL_Driver/Src/stm32f4xx_hal_sd.o
 .text.SD_FindSCR
                0x0000000008007218      0x194 Drivers/STM32F4xx_HAL_Driver/Src/stm32f4xx_hal_sd.o
 .text.SD_Read_IT
                0x00000000080073ac       0xa2 Drivers/STM32F4xx_HAL_Driver/Src/stm32f4xx_hal_sd.o
 .text.SD_Write_IT
                0x000000000800744e       0xaa Drivers/STM32F4xx_HAL_Driver/Src/stm32f4xx_hal_sd.o
 .text.HAL_SPI_Init
                0x00000000080074f8       0xc8 Drivers/STM32F4xx_HAL_Driver/Src/stm32f4xx_hal_spi.o
                0x00000000080074f8                HAL_SPI_Init
 .text.HAL_TIM_Base_Init
                0x00000000080075c0       0x56 Drivers/STM32F4xx_HAL_Driver/Src/stm32f4xx_hal_tim.o
                0x00000000080075c0                HAL_TIM_Base_Init
 .text.HAL_TIM_Base_Start_IT
                0x0000000008007616       0x48 Drivers/STM32F4xx_HAL_Driver/Src/stm32f4xx_hal_tim.o
                0x0000000008007616                HAL_TIM_Base_Start_IT
 .text.HAL_TIM_PWM_Init
                0x000000000800765e       0x56 Drivers/STM32F4xx_HAL_Driver/Src/stm32f4xx_hal_tim.o
                0x000000000800765e                HAL_TIM_PWM_Init
 .text.HAL_TIM_PWM_Start
                0x00000000080076b4       0x7c Drivers/STM32F4xx_HAL_Driver/Src/stm32f4xx_hal_tim.o
                0x00000000080076b4                HAL_TIM_PWM_Start
 .text.HAL_TIM_Encoder_Init
                0x0000000008007730      0x124 Drivers/STM32F4xx_HAL_Driver/Src/stm32f4xx_hal_tim.o
                0x0000000008007730                HAL_TIM_Encoder_Init
 .text.HAL_TIM_Encoder_Start
                0x0000000008007854       0x6e Drivers/STM32F4xx_HAL_Driver/Src/stm32f4xx_hal_tim.o
                0x0000000008007854                HAL_TIM_Encoder_Start
 .text.HAL_TIM_IRQHandler
                0x00000000080078c2      0x210 Drivers/STM32F4xx_HAL_Driver/Src/stm32f4xx_hal_tim.o
                0x00000000080078c2                HAL_TIM_IRQHandler
 *fill*         0x0000000008007ad2        0x2 
 .text.HAL_TIM_PWM_ConfigChannel
                0x0000000008007ad4      0x18c Drivers/STM32F4xx_HAL_Driver/Src/stm32f4xx_hal_tim.o
                0x0000000008007ad4                HAL_TIM_PWM_ConfigChannel
 .text.HAL_TIM_OC_DelayElapsedCallback
                0x0000000008007c60       0x14 Drivers/STM32F4xx_HAL_Driver/Src/stm32f4xx_hal_tim.o
                0x0000000008007c60                HAL_TIM_OC_DelayElapsedCallback
 .text.HAL_TIM_IC_CaptureCallback
                0x0000000008007c74       0x14 Drivers/STM32F4xx_HAL_Driver/Src/stm32f4xx_hal_tim.o
                0x0000000008007c74                HAL_TIM_IC_CaptureCallback
 .text.HAL_TIM_PWM_PulseFinishedCallback
                0x0000000008007c88       0x14 Drivers/STM32F4xx_HAL_Driver/Src/stm32f4xx_hal_tim.o
                0x0000000008007c88                HAL_TIM_PWM_PulseFinishedCallback
 .text.HAL_TIM_TriggerCallback
                0x0000000008007c9c       0x14 Drivers/STM32F4xx_HAL_Driver/Src/stm32f4xx_hal_tim.o
                0x0000000008007c9c                HAL_TIM_TriggerCallback
 .text.TIM_Base_SetConfig
                0x0000000008007cb0      0x140 Drivers/STM32F4xx_HAL_Driver/Src/stm32f4xx_hal_tim.o
                0x0000000008007cb0                TIM_Base_SetConfig
 .text.TIM_OC1_SetConfig
                0x0000000008007df0       0xe0 Drivers/STM32F4xx_HAL_Driver/Src/stm32f4xx_hal_tim.o
 .text.TIM_OC2_SetConfig
                0x0000000008007ed0       0xec Drivers/STM32F4xx_HAL_Driver/Src/stm32f4xx_hal_tim.o
                0x0000000008007ed0                TIM_OC2_SetConfig
 .text.TIM_OC3_SetConfig
                0x0000000008007fbc       0xe8 Drivers/STM32F4xx_HAL_Driver/Src/stm32f4xx_hal_tim.o
 .text.TIM_OC4_SetConfig
                0x00000000080080a4       0xac Drivers/STM32F4xx_HAL_Driver/Src/stm32f4xx_hal_tim.o
 .text.TIM_CCxChannelCmd
                0x0000000008008150       0x4a Drivers/STM32F4xx_HAL_Driver/Src/stm32f4xx_hal_tim.o
                0x0000000008008150                TIM_CCxChannelCmd
 *fill*         0x000000000800819a        0x2 
 .text.HAL_TIMEx_MasterConfigSynchronization
                0x000000000800819c       0xf8 Drivers/STM32F4xx_HAL_Driver/Src/stm32f4xx_hal_tim_ex.o
                0x000000000800819c                HAL_TIMEx_MasterConfigSynchronization
 .text.HAL_TIMEx_ConfigBreakDeadTime
                0x0000000008008294       0xa4 Drivers/STM32F4xx_HAL_Driver/Src/stm32f4xx_hal_tim_ex.o
                0x0000000008008294                HAL_TIMEx_ConfigBreakDeadTime
 .text.HAL_TIMEx_CommutCallback
                0x0000000008008338       0x14 Drivers/STM32F4xx_HAL_Driver/Src/stm32f4xx_hal_tim_ex.o
                0x0000000008008338                HAL_TIMEx_CommutCallback
 .text.HAL_TIMEx_BreakCallback
                0x000000000800834c       0x14 Drivers/STM32F4xx_HAL_Driver/Src/stm32f4xx_hal_tim_ex.o
                0x000000000800834c                HAL_TIMEx_BreakCallback
 .text.HAL_UART_Init
                0x0000000008008360       0x9a Drivers/STM32F4xx_HAL_Driver/Src/stm32f4xx_hal_uart.o
                0x0000000008008360                HAL_UART_Init
 *fill*         0x00000000080083fa        0x2 
 .text.UART_SetConfig
                0x00000000080083fc      0x6f8 Drivers/STM32F4xx_HAL_Driver/Src/stm32f4xx_hal_uart.o
 .text.SDIO_Init
                0x0000000008008af4       0x56 Drivers/STM32F4xx_HAL_Driver/Src/stm32f4xx_ll_sdmmc.o
                0x0000000008008af4                SDIO_Init
 .text.SDIO_ReadFIFO
                0x0000000008008b4a       0x1a Drivers/STM32F4xx_HAL_Driver/Src/stm32f4xx_ll_sdmmc.o
                0x0000000008008b4a                SDIO_ReadFIFO
 .text.SDIO_WriteFIFO
                0x0000000008008b64       0x22 Drivers/STM32F4xx_HAL_Driver/Src/stm32f4xx_ll_sdmmc.o
                0x0000000008008b64                SDIO_WriteFIFO
 .text.SDIO_PowerState_ON
                0x0000000008008b86       0x1e Drivers/STM32F4xx_HAL_Driver/Src/stm32f4xx_ll_sdmmc.o
                0x0000000008008b86                SDIO_PowerState_ON
 .text.SDIO_GetPowerState
                0x0000000008008ba4       0x1c Drivers/STM32F4xx_HAL_Driver/Src/stm32f4xx_ll_sdmmc.o
                0x0000000008008ba4                SDIO_GetPowerState
 .text.SDIO_SendCommand
                0x0000000008008bc0       0x54 Drivers/STM32F4xx_HAL_Driver/Src/stm32f4xx_ll_sdmmc.o
                0x0000000008008bc0                SDIO_SendCommand
 .text.SDIO_GetCommandResponse
                0x0000000008008c14       0x1a Drivers/STM32F4xx_HAL_Driver/Src/stm32f4xx_ll_sdmmc.o
                0x0000000008008c14                SDIO_GetCommandResponse
 .text.SDIO_GetResponse
                0x0000000008008c2e       0x26 Drivers/STM32F4xx_HAL_Driver/Src/stm32f4xx_ll_sdmmc.o
                0x0000000008008c2e                SDIO_GetResponse
 .text.SDIO_ConfigData
                0x0000000008008c54       0x58 Drivers/STM32F4xx_HAL_Driver/Src/stm32f4xx_ll_sdmmc.o
                0x0000000008008c54                SDIO_ConfigData
 .text.SDMMC_CmdBlockLength
                0x0000000008008cac       0x44 Drivers/STM32F4xx_HAL_Driver/Src/stm32f4xx_ll_sdmmc.o
                0x0000000008008cac                SDMMC_CmdBlockLength
 .text.SDMMC_CmdReadSingleBlock
                0x0000000008008cf0       0x44 Drivers/STM32F4xx_HAL_Driver/Src/stm32f4xx_ll_sdmmc.o
                0x0000000008008cf0                SDMMC_CmdReadSingleBlock
 .text.SDMMC_CmdReadMultiBlock
                0x0000000008008d34       0x44 Drivers/STM32F4xx_HAL_Driver/Src/stm32f4xx_ll_sdmmc.o
                0x0000000008008d34                SDMMC_CmdReadMultiBlock
 .text.SDMMC_CmdWriteSingleBlock
                0x0000000008008d78       0x44 Drivers/STM32F4xx_HAL_Driver/Src/stm32f4xx_ll_sdmmc.o
                0x0000000008008d78                SDMMC_CmdWriteSingleBlock
 .text.SDMMC_CmdWriteMultiBlock
                0x0000000008008dbc       0x44 Drivers/STM32F4xx_HAL_Driver/Src/stm32f4xx_ll_sdmmc.o
                0x0000000008008dbc                SDMMC_CmdWriteMultiBlock
 .text.SDMMC_CmdStopTransfer
                0x0000000008008e00       0x44 Drivers/STM32F4xx_HAL_Driver/Src/stm32f4xx_ll_sdmmc.o
                0x0000000008008e00                SDMMC_CmdStopTransfer
 .text.SDMMC_CmdSelDesel
                0x0000000008008e44       0x46 Drivers/STM32F4xx_HAL_Driver/Src/stm32f4xx_ll_sdmmc.o
                0x0000000008008e44                SDMMC_CmdSelDesel
 .text.SDMMC_CmdGoIdleState
                0x0000000008008e8a       0x3c Drivers/STM32F4xx_HAL_Driver/Src/stm32f4xx_ll_sdmmc.o
                0x0000000008008e8a                SDMMC_CmdGoIdleState
 .text.SDMMC_CmdOperCond
                0x0000000008008ec6       0x3e Drivers/STM32F4xx_HAL_Driver/Src/stm32f4xx_ll_sdmmc.o
                0x0000000008008ec6                SDMMC_CmdOperCond
 .text.SDMMC_CmdAppCommand
                0x0000000008008f04       0x44 Drivers/STM32F4xx_HAL_Driver/Src/stm32f4xx_ll_sdmmc.o
                0x0000000008008f04                SDMMC_CmdAppCommand
 .text.SDMMC_CmdAppOperCommand
                0x0000000008008f48       0x46 Drivers/STM32F4xx_HAL_Driver/Src/stm32f4xx_ll_sdmmc.o
                0x0000000008008f48                SDMMC_CmdAppOperCommand
 .text.SDMMC_CmdBusWidth
                0x0000000008008f8e       0x44 Drivers/STM32F4xx_HAL_Driver/Src/stm32f4xx_ll_sdmmc.o
                0x0000000008008f8e                SDMMC_CmdBusWidth
 .text.SDMMC_CmdSendSCR
                0x0000000008008fd2       0x42 Drivers/STM32F4xx_HAL_Driver/Src/stm32f4xx_ll_sdmmc.o
                0x0000000008008fd2                SDMMC_CmdSendSCR
 .text.SDMMC_CmdSendCID
                0x0000000008009014       0x3c Drivers/STM32F4xx_HAL_Driver/Src/stm32f4xx_ll_sdmmc.o
                0x0000000008009014                SDMMC_CmdSendCID
 .text.SDMMC_CmdSendCSD
                0x0000000008009050       0x3e Drivers/STM32F4xx_HAL_Driver/Src/stm32f4xx_ll_sdmmc.o
                0x0000000008009050                SDMMC_CmdSendCSD
 .text.SDMMC_CmdSetRelAdd
                0x000000000800908e       0x42 Drivers/STM32F4xx_HAL_Driver/Src/stm32f4xx_ll_sdmmc.o
                0x000000000800908e                SDMMC_CmdSetRelAdd
 .text.SDMMC_CmdSendStatus
                0x00000000080090d0       0x44 Drivers/STM32F4xx_HAL_Driver/Src/stm32f4xx_ll_sdmmc.o
                0x00000000080090d0                SDMMC_CmdSendStatus
 .text.SDMMC_GetCmdError
                0x0000000008009114       0x50 Drivers/STM32F4xx_HAL_Driver/Src/stm32f4xx_ll_sdmmc.o
 .text.SDMMC_GetCmdResp1
                0x0000000008009164      0x1d8 Drivers/STM32F4xx_HAL_Driver/Src/stm32f4xx_ll_sdmmc.o
 .text.SDMMC_GetCmdResp2
                0x000000000800933c       0x8c Drivers/STM32F4xx_HAL_Driver/Src/stm32f4xx_ll_sdmmc.o
 .text.SDMMC_GetCmdResp3
                0x00000000080093c8       0x74 Drivers/STM32F4xx_HAL_Driver/Src/stm32f4xx_ll_sdmmc.o
 .text.SDMMC_GetCmdResp6
                0x000000000800943c       0xe8 Drivers/STM32F4xx_HAL_Driver/Src/stm32f4xx_ll_sdmmc.o
 .text.SDMMC_GetCmdResp7
                0x0000000008009524       0x98 Drivers/STM32F4xx_HAL_Driver/Src/stm32f4xx_ll_sdmmc.o
 .text.MX_FATFS_Init
                0x00000000080095bc       0x24 FATFS/App/fatfs.o
                0x00000000080095bc                MX_FATFS_Init
 .text.get_fattime
                0x00000000080095e0       0x10 FATFS/App/fatfs.o
                0x00000000080095e0                get_fattime
 .text.BSP_SD_Init
                0x00000000080095f0       0x4c FATFS/Target/bsp_driver_sd.o
                0x00000000080095f0                BSP_SD_Init
 .text.BSP_SD_ReadBlocks_DMA
                0x000000000800963c       0x34 FATFS/Target/bsp_driver_sd.o
                0x000000000800963c                BSP_SD_ReadBlocks_DMA
 .text.BSP_SD_WriteBlocks_DMA
                0x0000000008009670       0x34 FATFS/Target/bsp_driver_sd.o
                0x0000000008009670                BSP_SD_WriteBlocks_DMA
 .text.BSP_SD_GetCardState
                0x00000000080096a4       0x20 FATFS/Target/bsp_driver_sd.o
                0x00000000080096a4                BSP_SD_GetCardState
 .text.BSP_SD_GetCardInfo
                0x00000000080096c4       0x1c FATFS/Target/bsp_driver_sd.o
                0x00000000080096c4                BSP_SD_GetCardInfo
 .text.HAL_SD_AbortCallback
                0x00000000080096e0       0x14 FATFS/Target/bsp_driver_sd.o
                0x00000000080096e0                HAL_SD_AbortCallback
 .text.HAL_SD_TxCpltCallback
                0x00000000080096f4       0x14 FATFS/Target/bsp_driver_sd.o
                0x00000000080096f4                HAL_SD_TxCpltCallback
 .text.HAL_SD_RxCpltCallback
                0x0000000008009708       0x14 FATFS/Target/bsp_driver_sd.o
                0x0000000008009708                HAL_SD_RxCpltCallback
 .text.BSP_SD_AbortCallback
                0x000000000800971c        0xe FATFS/Target/bsp_driver_sd.o
                0x000000000800971c                BSP_SD_AbortCallback
 .text.BSP_SD_IsDetected
                0x000000000800972a       0x24 FATFS/Target/bsp_driver_sd.o
                0x000000000800972a                BSP_SD_IsDetected
 *fill*         0x000000000800974e        0x2 
 .text.BSP_PlatformIsDetected
                0x0000000008009750       0x2c FATFS/Target/fatfs_platform.o
                0x0000000008009750                BSP_PlatformIsDetected
 .text.SD_CheckStatusWithTimeout
                0x000000000800977c       0x3a FATFS/Target/sd_diskio.o
 *fill*         0x00000000080097b6        0x2 
 .text.SD_CheckStatus
                0x00000000080097b8       0x3c FATFS/Target/sd_diskio.o
 .text.SD_initialize
                0x00000000080097f4       0x38 FATFS/Target/sd_diskio.o
                0x00000000080097f4                SD_initialize
 .text.SD_status
                0x000000000800982c       0x1c FATFS/Target/sd_diskio.o
                0x000000000800982c                SD_status
 .text.SD_read  0x0000000008009848       0xac FATFS/Target/sd_diskio.o
                0x0000000008009848                SD_read
 .text.SD_write
                0x00000000080098f4       0xac FATFS/Target/sd_diskio.o
                0x00000000080098f4                SD_write
 .text.SD_ioctl
                0x00000000080099a0       0xb0 FATFS/Target/sd_diskio.o
                0x00000000080099a0                SD_ioctl
 .text.BSP_SD_WriteCpltCallback
                0x0000000008009a50       0x18 FATFS/Target/sd_diskio.o
                0x0000000008009a50                BSP_SD_WriteCpltCallback
 .text.BSP_SD_ReadCpltCallback
                0x0000000008009a68       0x18 FATFS/Target/sd_diskio.o
                0x0000000008009a68                BSP_SD_ReadCpltCallback
 .text.disk_status
                0x0000000008009a80       0x34 Middlewares/Third_Party/FatFs/src/diskio.o
                0x0000000008009a80                disk_status
 .text.disk_initialize
                0x0000000008009ab4       0x4c Middlewares/Third_Party/FatFs/src/diskio.o
                0x0000000008009ab4                disk_initialize
 .text.disk_read
                0x0000000008009b00       0x40 Middlewares/Third_Party/FatFs/src/diskio.o
                0x0000000008009b00                disk_read
 .text.disk_write
                0x0000000008009b40       0x40 Middlewares/Third_Party/FatFs/src/diskio.o
                0x0000000008009b40                disk_write
 .text.disk_ioctl
                0x0000000008009b80       0x3c Middlewares/Third_Party/FatFs/src/diskio.o
                0x0000000008009b80                disk_ioctl
 .text.ld_word  0x0000000008009bbc       0x30 Middlewares/Third_Party/FatFs/src/ff.o
 .text.ld_dword
                0x0000000008009bec       0x46 Middlewares/Third_Party/FatFs/src/ff.o
 .text.st_word  0x0000000008009c32       0x36 Middlewares/Third_Party/FatFs/src/ff.o
 .text.st_dword
                0x0000000008009c68       0x58 Middlewares/Third_Party/FatFs/src/ff.o
 .text.mem_cpy  0x0000000008009cc0       0x42 Middlewares/Third_Party/FatFs/src/ff.o
 .text.mem_set  0x0000000008009d02       0x34 Middlewares/Third_Party/FatFs/src/ff.o
 .text.mem_cmp  0x0000000008009d36       0x4e Middlewares/Third_Party/FatFs/src/ff.o
 .text.chk_chr  0x0000000008009d84       0x36 Middlewares/Third_Party/FatFs/src/ff.o
 *fill*         0x0000000008009dba        0x2 
 .text.chk_lock
                0x0000000008009dbc       0xb8 Middlewares/Third_Party/FatFs/src/ff.o
 .text.enq_lock
                0x0000000008009e74       0x44 Middlewares/Third_Party/FatFs/src/ff.o
 .text.inc_lock
                0x0000000008009eb8      0x11c Middlewares/Third_Party/FatFs/src/ff.o
 .text.dec_lock
                0x0000000008009fd4       0x78 Middlewares/Third_Party/FatFs/src/ff.o
 .text.clear_lock
                0x000000000800a04c       0x48 Middlewares/Third_Party/FatFs/src/ff.o
 .text.sync_window
                0x000000000800a094       0x88 Middlewares/Third_Party/FatFs/src/ff.o
 .text.move_window
                0x000000000800a11c       0x5a Middlewares/Third_Party/FatFs/src/ff.o
 *fill*         0x000000000800a176        0x2 
 .text.sync_fs  0x000000000800a178       0xe0 Middlewares/Third_Party/FatFs/src/ff.o
 .text.clust2sect
                0x000000000800a258       0x3e Middlewares/Third_Party/FatFs/src/ff.o
 .text.get_fat  0x000000000800a296      0x1a0 Middlewares/Third_Party/FatFs/src/ff.o
 .text.put_fat  0x000000000800a436      0x22e Middlewares/Third_Party/FatFs/src/ff.o
 .text.remove_chain
                0x000000000800a664       0xca Middlewares/Third_Party/FatFs/src/ff.o
 .text.create_chain
                0x000000000800a72e      0x130 Middlewares/Third_Party/FatFs/src/ff.o
 .text.clmt_clust
                0x000000000800a85e       0x70 Middlewares/Third_Party/FatFs/src/ff.o
 .text.dir_sdi  0x000000000800a8ce      0x112 Middlewares/Third_Party/FatFs/src/ff.o
 .text.dir_next
                0x000000000800a9e0      0x1ac Middlewares/Third_Party/FatFs/src/ff.o
 .text.dir_alloc
                0x000000000800ab8c       0x8e Middlewares/Third_Party/FatFs/src/ff.o
 .text.ld_clust
                0x000000000800ac1a       0x3e Middlewares/Third_Party/FatFs/src/ff.o
 .text.st_clust
                0x000000000800ac58       0x40 Middlewares/Third_Party/FatFs/src/ff.o
 .text.cmp_lfn  0x000000000800ac98       0xe0 Middlewares/Third_Party/FatFs/src/ff.o
 .text.pick_lfn
                0x000000000800ad78       0xc8 Middlewares/Third_Party/FatFs/src/ff.o
 .text.put_lfn  0x000000000800ae40       0xd0 Middlewares/Third_Party/FatFs/src/ff.o
 .text.gen_numname
                0x000000000800af10      0x11e Middlewares/Third_Party/FatFs/src/ff.o
 .text.sum_sfn  0x000000000800b02e       0x42 Middlewares/Third_Party/FatFs/src/ff.o
 .text.dir_read
                0x000000000800b070      0x14e Middlewares/Third_Party/FatFs/src/ff.o
 .text.dir_find
                0x000000000800b1be      0x180 Middlewares/Third_Party/FatFs/src/ff.o
 *fill*         0x000000000800b33e        0x2 
 .text.dir_register
                0x000000000800b340      0x1f0 Middlewares/Third_Party/FatFs/src/ff.o
 .text.dir_remove
                0x000000000800b530       0x94 Middlewares/Third_Party/FatFs/src/ff.o
 .text.create_name
                0x000000000800b5c4      0x408 Middlewares/Third_Party/FatFs/src/ff.o
 .text.follow_path
                0x000000000800b9cc      0x12a Middlewares/Third_Party/FatFs/src/ff.o
 .text.get_ldnumber
                0x000000000800baf6       0x88 Middlewares/Third_Party/FatFs/src/ff.o
 *fill*         0x000000000800bb7e        0x2 
 .text.check_fs
                0x000000000800bb80       0xac Middlewares/Third_Party/FatFs/src/ff.o
 .text.find_volume
                0x000000000800bc2c      0x518 Middlewares/Third_Party/FatFs/src/ff.o
 .text.validate
                0x000000000800c144       0x6a Middlewares/Third_Party/FatFs/src/ff.o
 *fill*         0x000000000800c1ae        0x2 
 .text.f_mount  0x000000000800c1b0       0x8c Middlewares/Third_Party/FatFs/src/ff.o
                0x000000000800c1b0                f_mount
 .text.f_open   0x000000000800c23c      0x398 Middlewares/Third_Party/FatFs/src/ff.o
                0x000000000800c23c                f_open
 .text.f_read   0x000000000800c5d4      0x2be Middlewares/Third_Party/FatFs/src/ff.o
                0x000000000800c5d4                f_read
 .text.f_write  0x000000000800c892      0x328 Middlewares/Third_Party/FatFs/src/ff.o
                0x000000000800c892                f_write
 .text.f_sync   0x000000000800cbba       0xfc Middlewares/Third_Party/FatFs/src/ff.o
                0x000000000800cbba                f_sync
 .text.f_close  0x000000000800ccb6       0x54 Middlewares/Third_Party/FatFs/src/ff.o
                0x000000000800ccb6                f_close
 .text.f_chdir  0x000000000800cd0a       0x94 Middlewares/Third_Party/FatFs/src/ff.o
                0x000000000800cd0a                f_chdir
 .text.f_lseek  0x000000000800cd9e      0x448 Middlewares/Third_Party/FatFs/src/ff.o
                0x000000000800cd9e                f_lseek
 .text.f_unlink
                0x000000000800d1e6      0x182 Middlewares/Third_Party/FatFs/src/ff.o
                0x000000000800d1e6                f_unlink
 .text.f_mkdir  0x000000000800d368      0x234 Middlewares/Third_Party/FatFs/src/ff.o
                0x000000000800d368                f_mkdir
 .text.f_gets   0x000000000800d59c       0x7a Middlewares/Third_Party/FatFs/src/ff.o
                0x000000000800d59c                f_gets
 *fill*         0x000000000800d616        0x2 
 .text.FATFS_LinkDriverEx
                0x000000000800d618       0x98 Middlewares/Third_Party/FatFs/src/ff_gen_drv.o
                0x000000000800d618                FATFS_LinkDriverEx
 .text.FATFS_LinkDriver
                0x000000000800d6b0       0x1e Middlewares/Third_Party/FatFs/src/ff_gen_drv.o
                0x000000000800d6b0                FATFS_LinkDriver
 *fill*         0x000000000800d6ce        0x2 
 .text.ff_convert
                0x000000000800d6d0       0x78 Middlewares/Third_Party/FatFs/src/option/ccsbcs.o
                0x000000000800d6d0                ff_convert
 .text.ff_wtoupper
                0x000000000800d748      0x114 Middlewares/Third_Party/FatFs/src/option/ccsbcs.o
                0x000000000800d748                ff_wtoupper
 .text.__errno  0x000000000800d85c        0xc c:/st/stm32cubeide_1.5.1/stm32cubeide/plugins/com.st.stm32cube.ide.mcu.externaltools.gnu-tools-for-stm32.7-2018-q2-update.win32_1.5.0.202011040924/tools/bin/../lib/gcc/arm-none-eabi/7.3.1/../../../../arm-none-eabi/lib/thumb/v7e-m/fpv4-sp/hard\libc_nano.a(lib_a-errno.o)
                0x000000000800d85c                __errno
 .text.__libc_init_array
                0x000000000800d868       0x48 c:/st/stm32cubeide_1.5.1/stm32cubeide/plugins/com.st.stm32cube.ide.mcu.externaltools.gnu-tools-for-stm32.7-2018-q2-update.win32_1.5.0.202011040924/tools/bin/../lib/gcc/arm-none-eabi/7.3.1/../../../../arm-none-eabi/lib/thumb/v7e-m/fpv4-sp/hard\libc_nano.a(lib_a-init.o)
                0x000000000800d868                __libc_init_array
 .text.memset   0x000000000800d8b0       0x10 c:/st/stm32cubeide_1.5.1/stm32cubeide/plugins/com.st.stm32cube.ide.mcu.externaltools.gnu-tools-for-stm32.7-2018-q2-update.win32_1.5.0.202011040924/tools/bin/../lib/gcc/arm-none-eabi/7.3.1/../../../../arm-none-eabi/lib/thumb/v7e-m/fpv4-sp/hard\libc_nano.a(lib_a-memset.o)
                0x000000000800d8b0                memset
 .text.__cvt    0x000000000800d8c0       0xc2 c:/st/stm32cubeide_1.5.1/stm32cubeide/plugins/com.st.stm32cube.ide.mcu.externaltools.gnu-tools-for-stm32.7-2018-q2-update.win32_1.5.0.202011040924/tools/bin/../lib/gcc/arm-none-eabi/7.3.1/../../../../arm-none-eabi/lib/thumb/v7e-m/fpv4-sp/hard\libc_nano.a(lib_a-nano-vfprintf_float.o)
                0x000000000800d8c0                __cvt
 .text.__exponent
                0x000000000800d982       0x66 c:/st/stm32cubeide_1.5.1/stm32cubeide/plugins/com.st.stm32cube.ide.mcu.externaltools.gnu-tools-for-stm32.7-2018-q2-update.win32_1.5.0.202011040924/tools/bin/../lib/gcc/arm-none-eabi/7.3.1/../../../../arm-none-eabi/lib/thumb/v7e-m/fpv4-sp/hard\libc_nano.a(lib_a-nano-vfprintf_float.o)
                0x000000000800d982                __exponent
 .text._printf_float
                0x000000000800d9e8      0x480 c:/st/stm32cubeide_1.5.1/stm32cubeide/plugins/com.st.stm32cube.ide.mcu.externaltools.gnu-tools-for-stm32.7-2018-q2-update.win32_1.5.0.202011040924/tools/bin/../lib/gcc/arm-none-eabi/7.3.1/../../../../arm-none-eabi/lib/thumb/v7e-m/fpv4-sp/hard\libc_nano.a(lib_a-nano-vfprintf_float.o)
                0x000000000800d9e8                _printf_float
 .text._printf_common
                0x000000000800de68       0xea c:/st/stm32cubeide_1.5.1/stm32cubeide/plugins/com.st.stm32cube.ide.mcu.externaltools.gnu-tools-for-stm32.7-2018-q2-update.win32_1.5.0.202011040924/tools/bin/../lib/gcc/arm-none-eabi/7.3.1/../../../../arm-none-eabi/lib/thumb/v7e-m/fpv4-sp/hard\libc_nano.a(lib_a-nano-vfprintf_i.o)
                0x000000000800de68                _printf_common
 *fill*         0x000000000800df52        0x2 
 .text._printf_i
                0x000000000800df54      0x224 c:/st/stm32cubeide_1.5.1/stm32cubeide/plugins/com.st.stm32cube.ide.mcu.externaltools.gnu-tools-for-stm32.7-2018-q2-update.win32_1.5.0.202011040924/tools/bin/../lib/gcc/arm-none-eabi/7.3.1/../../../../arm-none-eabi/lib/thumb/v7e-m/fpv4-sp/hard\libc_nano.a(lib_a-nano-vfprintf_i.o)
                0x000000000800df54                _printf_i
 .text._scanf_float
                0x000000000800e178      0x3c4 c:/st/stm32cubeide_1.5.1/stm32cubeide/plugins/com.st.stm32cube.ide.mcu.externaltools.gnu-tools-for-stm32.7-2018-q2-update.win32_1.5.0.202011040924/tools/bin/../lib/gcc/arm-none-eabi/7.3.1/../../../../arm-none-eabi/lib/thumb/v7e-m/fpv4-sp/hard\libc_nano.a(lib_a-nano-vfscanf_float.o)
                0x000000000800e178                _scanf_float
 .text.printf   0x000000000800e53c       0x30 c:/st/stm32cubeide_1.5.1/stm32cubeide/plugins/com.st.stm32cube.ide.mcu.externaltools.gnu-tools-for-stm32.7-2018-q2-update.win32_1.5.0.202011040924/tools/bin/../lib/gcc/arm-none-eabi/7.3.1/../../../../arm-none-eabi/lib/thumb/v7e-m/fpv4-sp/hard\libc_nano.a(lib_a-printf.o)
                0x000000000800e53c                iprintf
                0x000000000800e53c                printf
 .text._puts_r  0x000000000800e56c       0xb8 c:/st/stm32cubeide_1.5.1/stm32cubeide/plugins/com.st.stm32cube.ide.mcu.externaltools.gnu-tools-for-stm32.7-2018-q2-update.win32_1.5.0.202011040924/tools/bin/../lib/gcc/arm-none-eabi/7.3.1/../../../../arm-none-eabi/lib/thumb/v7e-m/fpv4-sp/hard\libc_nano.a(lib_a-puts.o)
                0x000000000800e56c                _puts_r
 .text.puts     0x000000000800e624       0x10 c:/st/stm32cubeide_1.5.1/stm32cubeide/plugins/com.st.stm32cube.ide.mcu.externaltools.gnu-tools-for-stm32.7-2018-q2-update.win32_1.5.0.202011040924/tools/bin/../lib/gcc/arm-none-eabi/7.3.1/../../../../arm-none-eabi/lib/thumb/v7e-m/fpv4-sp/hard\libc_nano.a(lib_a-puts.o)
                0x000000000800e624                puts
 .text.nanf     0x000000000800e634        0xc c:/st/stm32cubeide_1.5.1/stm32cubeide/plugins/com.st.stm32cube.ide.mcu.externaltools.gnu-tools-for-stm32.7-2018-q2-update.win32_1.5.0.202011040924/tools/bin/../lib/gcc/arm-none-eabi/7.3.1/../../../../arm-none-eabi/lib/thumb/v7e-m/fpv4-sp/hard\libc_nano.a(lib_a-sf_nan.o)
                0x000000000800e634                nanf
 .text.snprintf
                0x000000000800e640       0x68 c:/st/stm32cubeide_1.5.1/stm32cubeide/plugins/com.st.stm32cube.ide.mcu.externaltools.gnu-tools-for-stm32.7-2018-q2-update.win32_1.5.0.202011040924/tools/bin/../lib/gcc/arm-none-eabi/7.3.1/../../../../arm-none-eabi/lib/thumb/v7e-m/fpv4-sp/hard\libc_nano.a(lib_a-snprintf.o)
                0x000000000800e640                sniprintf
                0x000000000800e640                snprintf
 .text.sprintf  0x000000000800e6a8       0x40 c:/st/stm32cubeide_1.5.1/stm32cubeide/plugins/com.st.stm32cube.ide.mcu.externaltools.gnu-tools-for-stm32.7-2018-q2-update.win32_1.5.0.202011040924/tools/bin/../lib/gcc/arm-none-eabi/7.3.1/../../../../arm-none-eabi/lib/thumb/v7e-m/fpv4-sp/hard\libc_nano.a(lib_a-sprintf.o)
                0x000000000800e6a8                siprintf
                0x000000000800e6a8                sprintf
 .text.sscanf   0x000000000800e6e8       0x54 c:/st/stm32cubeide_1.5.1/stm32cubeide/plugins/com.st.stm32cube.ide.mcu.externaltools.gnu-tools-for-stm32.7-2018-q2-update.win32_1.5.0.202011040924/tools/bin/../lib/gcc/arm-none-eabi/7.3.1/../../../../arm-none-eabi/lib/thumb/v7e-m/fpv4-sp/hard\libc_nano.a(lib_a-sscanf.o)
                0x000000000800e6e8                siscanf
                0x000000000800e6e8                sscanf
 .text.__sread  0x000000000800e73c       0x22 c:/st/stm32cubeide_1.5.1/stm32cubeide/plugins/com.st.stm32cube.ide.mcu.externaltools.gnu-tools-for-stm32.7-2018-q2-update.win32_1.5.0.202011040924/tools/bin/../lib/gcc/arm-none-eabi/7.3.1/../../../../arm-none-eabi/lib/thumb/v7e-m/fpv4-sp/hard\libc_nano.a(lib_a-stdio.o)
                0x000000000800e73c                __sread
 .text.__seofread
                0x000000000800e75e        0x4 c:/st/stm32cubeide_1.5.1/stm32cubeide/plugins/com.st.stm32cube.ide.mcu.externaltools.gnu-tools-for-stm32.7-2018-q2-update.win32_1.5.0.202011040924/tools/bin/../lib/gcc/arm-none-eabi/7.3.1/../../../../arm-none-eabi/lib/thumb/v7e-m/fpv4-sp/hard\libc_nano.a(lib_a-stdio.o)
                0x000000000800e75e                __seofread
 .text.__swrite
                0x000000000800e762       0x38 c:/st/stm32cubeide_1.5.1/stm32cubeide/plugins/com.st.stm32cube.ide.mcu.externaltools.gnu-tools-for-stm32.7-2018-q2-update.win32_1.5.0.202011040924/tools/bin/../lib/gcc/arm-none-eabi/7.3.1/../../../../arm-none-eabi/lib/thumb/v7e-m/fpv4-sp/hard\libc_nano.a(lib_a-stdio.o)
                0x000000000800e762                __swrite
 .text.__sseek  0x000000000800e79a       0x24 c:/st/stm32cubeide_1.5.1/stm32cubeide/plugins/com.st.stm32cube.ide.mcu.externaltools.gnu-tools-for-stm32.7-2018-q2-update.win32_1.5.0.202011040924/tools/bin/../lib/gcc/arm-none-eabi/7.3.1/../../../../arm-none-eabi/lib/thumb/v7e-m/fpv4-sp/hard\libc_nano.a(lib_a-stdio.o)
                0x000000000800e79a                __sseek
 .text.__sclose
                0x000000000800e7be        0x8 c:/st/stm32cubeide_1.5.1/stm32cubeide/plugins/com.st.stm32cube.ide.mcu.externaltools.gnu-tools-for-stm32.7-2018-q2-update.win32_1.5.0.202011040924/tools/bin/../lib/gcc/arm-none-eabi/7.3.1/../../../../arm-none-eabi/lib/thumb/v7e-m/fpv4-sp/hard\libc_nano.a(lib_a-stdio.o)
                0x000000000800e7be                __sclose
 .text.strcpy   0x000000000800e7c6       0x10 c:/st/stm32cubeide_1.5.1/stm32cubeide/plugins/com.st.stm32cube.ide.mcu.externaltools.gnu-tools-for-stm32.7-2018-q2-update.win32_1.5.0.202011040924/tools/bin/../lib/gcc/arm-none-eabi/7.3.1/../../../../arm-none-eabi/lib/thumb/v7e-m/fpv4-sp/hard\libc_nano.a(lib_a-strcpy.o)
                0x000000000800e7c6                strcpy
 .text.unlikely.sulp
                0x000000000800e7d6       0x38 c:/st/stm32cubeide_1.5.1/stm32cubeide/plugins/com.st.stm32cube.ide.mcu.externaltools.gnu-tools-for-stm32.7-2018-q2-update.win32_1.5.0.202011040924/tools/bin/../lib/gcc/arm-none-eabi/7.3.1/../../../../arm-none-eabi/lib/thumb/v7e-m/fpv4-sp/hard\libc_nano.a(lib_a-strtod.o)
 *fill*         0x000000000800e80e        0x2 
 .text._strtod_l
                0x000000000800e810      0xbe8 c:/st/stm32cubeide_1.5.1/stm32cubeide/plugins/com.st.stm32cube.ide.mcu.externaltools.gnu-tools-for-stm32.7-2018-q2-update.win32_1.5.0.202011040924/tools/bin/../lib/gcc/arm-none-eabi/7.3.1/../../../../arm-none-eabi/lib/thumb/v7e-m/fpv4-sp/hard\libc_nano.a(lib_a-strtod.o)
                0x000000000800e810                _strtod_l
 .text._strtod_r
                0x000000000800f3f8       0x20 c:/st/stm32cubeide_1.5.1/stm32cubeide/plugins/com.st.stm32cube.ide.mcu.externaltools.gnu-tools-for-stm32.7-2018-q2-update.win32_1.5.0.202011040924/tools/bin/../lib/gcc/arm-none-eabi/7.3.1/../../../../arm-none-eabi/lib/thumb/v7e-m/fpv4-sp/hard\libc_nano.a(lib_a-strtod.o)
                0x000000000800f3f8                _strtod_r
 .text._strtol_l.isra.0
                0x000000000800f418       0xf6 c:/st/stm32cubeide_1.5.1/stm32cubeide/plugins/com.st.stm32cube.ide.mcu.externaltools.gnu-tools-for-stm32.7-2018-q2-update.win32_1.5.0.202011040924/tools/bin/../lib/gcc/arm-none-eabi/7.3.1/../../../../arm-none-eabi/lib/thumb/v7e-m/fpv4-sp/hard\libc_nano.a(lib_a-strtol.o)
 *fill*         0x000000000800f50e        0x2 
 .text._strtol_r
                0x000000000800f510       0x24 c:/st/stm32cubeide_1.5.1/stm32cubeide/plugins/com.st.stm32cube.ide.mcu.externaltools.gnu-tools-for-stm32.7-2018-q2-update.win32_1.5.0.202011040924/tools/bin/../lib/gcc/arm-none-eabi/7.3.1/../../../../arm-none-eabi/lib/thumb/v7e-m/fpv4-sp/hard\libc_nano.a(lib_a-strtol.o)
                0x000000000800f510                _strtol_r
 .text._vsprintf_r
                0x000000000800f534       0x2c c:/st/stm32cubeide_1.5.1/stm32cubeide/plugins/com.st.stm32cube.ide.mcu.externaltools.gnu-tools-for-stm32.7-2018-q2-update.win32_1.5.0.202011040924/tools/bin/../lib/gcc/arm-none-eabi/7.3.1/../../../../arm-none-eabi/lib/thumb/v7e-m/fpv4-sp/hard\libc_nano.a(lib_a-vsprintf.o)
                0x000000000800f534                _vsprintf_r
                0x000000000800f534                _vsiprintf_r
 .text.vsprintf
                0x000000000800f560       0x14 c:/st/stm32cubeide_1.5.1/stm32cubeide/plugins/com.st.stm32cube.ide.mcu.externaltools.gnu-tools-for-stm32.7-2018-q2-update.win32_1.5.0.202011040924/tools/bin/../lib/gcc/arm-none-eabi/7.3.1/../../../../arm-none-eabi/lib/thumb/v7e-m/fpv4-sp/hard\libc_nano.a(lib_a-vsprintf.o)
                0x000000000800f560                vsiprintf
                0x000000000800f560                vsprintf
 .text.__swbuf_r
                0x000000000800f574       0xa4 c:/st/stm32cubeide_1.5.1/stm32cubeide/plugins/com.st.stm32cube.ide.mcu.externaltools.gnu-tools-for-stm32.7-2018-q2-update.win32_1.5.0.202011040924/tools/bin/../lib/gcc/arm-none-eabi/7.3.1/../../../../arm-none-eabi/lib/thumb/v7e-m/fpv4-sp/hard\libc_nano.a(lib_a-wbuf.o)
                0x000000000800f574                __swbuf_r
 .text._write_r
                0x000000000800f618       0x24 c:/st/stm32cubeide_1.5.1/stm32cubeide/plugins/com.st.stm32cube.ide.mcu.externaltools.gnu-tools-for-stm32.7-2018-q2-update.win32_1.5.0.202011040924/tools/bin/../lib/gcc/arm-none-eabi/7.3.1/../../../../arm-none-eabi/lib/thumb/v7e-m/fpv4-sp/hard\libc_nano.a(lib_a-writer.o)
                0x000000000800f618                _write_r
 .text.__swsetup_r
                0x000000000800f63c       0xdc c:/st/stm32cubeide_1.5.1/stm32cubeide/plugins/com.st.stm32cube.ide.mcu.externaltools.gnu-tools-for-stm32.7-2018-q2-update.win32_1.5.0.202011040924/tools/bin/../lib/gcc/arm-none-eabi/7.3.1/../../../../arm-none-eabi/lib/thumb/v7e-m/fpv4-sp/hard\libc_nano.a(lib_a-wsetup.o)
                0x000000000800f63c                __swsetup_r
 .text._close_r
                0x000000000800f718       0x20 c:/st/stm32cubeide_1.5.1/stm32cubeide/plugins/com.st.stm32cube.ide.mcu.externaltools.gnu-tools-for-stm32.7-2018-q2-update.win32_1.5.0.202011040924/tools/bin/../lib/gcc/arm-none-eabi/7.3.1/../../../../arm-none-eabi/lib/thumb/v7e-m/fpv4-sp/hard\libc_nano.a(lib_a-closer.o)
                0x000000000800f718                _close_r
 .text.quorem   0x000000000800f738      0x118 c:/st/stm32cubeide_1.5.1/stm32cubeide/plugins/com.st.stm32cube.ide.mcu.externaltools.gnu-tools-for-stm32.7-2018-q2-update.win32_1.5.0.202011040924/tools/bin/../lib/gcc/arm-none-eabi/7.3.1/../../../../arm-none-eabi/lib/thumb/v7e-m/fpv4-sp/hard\libc_nano.a(lib_a-dtoa.o)
 .text._dtoa_r  0x000000000800f850      0xb70 c:/st/stm32cubeide_1.5.1/stm32cubeide/plugins/com.st.stm32cube.ide.mcu.externaltools.gnu-tools-for-stm32.7-2018-q2-update.win32_1.5.0.202011040924/tools/bin/../lib/gcc/arm-none-eabi/7.3.1/../../../../arm-none-eabi/lib/thumb/v7e-m/fpv4-sp/hard\libc_nano.a(lib_a-dtoa.o)
                0x000000000800f850                _dtoa_r
 .text.__sflush_r
                0x00000000080103c0      0x10c c:/st/stm32cubeide_1.5.1/stm32cubeide/plugins/com.st.stm32cube.ide.mcu.externaltools.gnu-tools-for-stm32.7-2018-q2-update.win32_1.5.0.202011040924/tools/bin/../lib/gcc/arm-none-eabi/7.3.1/../../../../arm-none-eabi/lib/thumb/v7e-m/fpv4-sp/hard\libc_nano.a(lib_a-fflush.o)
                0x00000000080103c0                __sflush_r
 .text._fflush_r
                0x00000000080104cc       0x54 c:/st/stm32cubeide_1.5.1/stm32cubeide/plugins/com.st.stm32cube.ide.mcu.externaltools.gnu-tools-for-stm32.7-2018-q2-update.win32_1.5.0.202011040924/tools/bin/../lib/gcc/arm-none-eabi/7.3.1/../../../../arm-none-eabi/lib/thumb/v7e-m/fpv4-sp/hard\libc_nano.a(lib_a-fflush.o)
                0x00000000080104cc                _fflush_r
 .text.std      0x0000000008010520       0x48 c:/st/stm32cubeide_1.5.1/stm32cubeide/plugins/com.st.stm32cube.ide.mcu.externaltools.gnu-tools-for-stm32.7-2018-q2-update.win32_1.5.0.202011040924/tools/bin/../lib/gcc/arm-none-eabi/7.3.1/../../../../arm-none-eabi/lib/thumb/v7e-m/fpv4-sp/hard\libc_nano.a(lib_a-findfp.o)
 .text._cleanup_r
                0x0000000008010568        0xc c:/st/stm32cubeide_1.5.1/stm32cubeide/plugins/com.st.stm32cube.ide.mcu.externaltools.gnu-tools-for-stm32.7-2018-q2-update.win32_1.5.0.202011040924/tools/bin/../lib/gcc/arm-none-eabi/7.3.1/../../../../arm-none-eabi/lib/thumb/v7e-m/fpv4-sp/hard\libc_nano.a(lib_a-findfp.o)
                0x0000000008010568                _cleanup_r
 .text.__sfmoreglue
                0x0000000008010574       0x2c c:/st/stm32cubeide_1.5.1/stm32cubeide/plugins/com.st.stm32cube.ide.mcu.externaltools.gnu-tools-for-stm32.7-2018-q2-update.win32_1.5.0.202011040924/tools/bin/../lib/gcc/arm-none-eabi/7.3.1/../../../../arm-none-eabi/lib/thumb/v7e-m/fpv4-sp/hard\libc_nano.a(lib_a-findfp.o)
                0x0000000008010574                __sfmoreglue
 .text.__sinit  0x00000000080105a0       0x60 c:/st/stm32cubeide_1.5.1/stm32cubeide/plugins/com.st.stm32cube.ide.mcu.externaltools.gnu-tools-for-stm32.7-2018-q2-update.win32_1.5.0.202011040924/tools/bin/../lib/gcc/arm-none-eabi/7.3.1/../../../../arm-none-eabi/lib/thumb/v7e-m/fpv4-sp/hard\libc_nano.a(lib_a-findfp.o)
                0x00000000080105a0                __sinit
 .text.__sfp    0x0000000008010600       0x78 c:/st/stm32cubeide_1.5.1/stm32cubeide/plugins/com.st.stm32cube.ide.mcu.externaltools.gnu-tools-for-stm32.7-2018-q2-update.win32_1.5.0.202011040924/tools/bin/../lib/gcc/arm-none-eabi/7.3.1/../../../../arm-none-eabi/lib/thumb/v7e-m/fpv4-sp/hard\libc_nano.a(lib_a-findfp.o)
                0x0000000008010600                __sfp
 .text._fwalk_reent
                0x0000000008010678       0x3c c:/st/stm32cubeide_1.5.1/stm32cubeide/plugins/com.st.stm32cube.ide.mcu.externaltools.gnu-tools-for-stm32.7-2018-q2-update.win32_1.5.0.202011040924/tools/bin/../lib/gcc/arm-none-eabi/7.3.1/../../../../arm-none-eabi/lib/thumb/v7e-m/fpv4-sp/hard\libc_nano.a(lib_a-fwalk.o)
                0x0000000008010678                _fwalk_reent
 .text.rshift   0x00000000080106b4       0x74 c:/st/stm32cubeide_1.5.1/stm32cubeide/plugins/com.st.stm32cube.ide.mcu.externaltools.gnu-tools-for-stm32.7-2018-q2-update.win32_1.5.0.202011040924/tools/bin/../lib/gcc/arm-none-eabi/7.3.1/../../../../arm-none-eabi/lib/thumb/v7e-m/fpv4-sp/hard\libc_nano.a(lib_a-gdtoa-gethex.o)
 .text.__hexdig_fun
                0x0000000008010728       0x2a c:/st/stm32cubeide_1.5.1/stm32cubeide/plugins/com.st.stm32cube.ide.mcu.externaltools.gnu-tools-for-stm32.7-2018-q2-update.win32_1.5.0.202011040924/tools/bin/../lib/gcc/arm-none-eabi/7.3.1/../../../../arm-none-eabi/lib/thumb/v7e-m/fpv4-sp/hard\libc_nano.a(lib_a-gdtoa-gethex.o)
                0x0000000008010728                __hexdig_fun
 .text.__gethex
                0x0000000008010752      0x442 c:/st/stm32cubeide_1.5.1/stm32cubeide/plugins/com.st.stm32cube.ide.mcu.externaltools.gnu-tools-for-stm32.7-2018-q2-update.win32_1.5.0.202011040924/tools/bin/../lib/gcc/arm-none-eabi/7.3.1/../../../../arm-none-eabi/lib/thumb/v7e-m/fpv4-sp/hard\libc_nano.a(lib_a-gdtoa-gethex.o)
                0x0000000008010752                __gethex
 .text.L_shift  0x0000000008010b94       0x24 c:/st/stm32cubeide_1.5.1/stm32cubeide/plugins/com.st.stm32cube.ide.mcu.externaltools.gnu-tools-for-stm32.7-2018-q2-update.win32_1.5.0.202011040924/tools/bin/../lib/gcc/arm-none-eabi/7.3.1/../../../../arm-none-eabi/lib/thumb/v7e-m/fpv4-sp/hard\libc_nano.a(lib_a-gdtoa-hexnan.o)
 .text.__match  0x0000000008010bb8       0x28 c:/st/stm32cubeide_1.5.1/stm32cubeide/plugins/com.st.stm32cube.ide.mcu.externaltools.gnu-tools-for-stm32.7-2018-q2-update.win32_1.5.0.202011040924/tools/bin/../lib/gcc/arm-none-eabi/7.3.1/../../../../arm-none-eabi/lib/thumb/v7e-m/fpv4-sp/hard\libc_nano.a(lib_a-gdtoa-hexnan.o)
                0x0000000008010bb8                __match
 .text.__hexnan
                0x0000000008010be0      0x120 c:/st/stm32cubeide_1.5.1/stm32cubeide/plugins/com.st.stm32cube.ide.mcu.externaltools.gnu-tools-for-stm32.7-2018-q2-update.win32_1.5.0.202011040924/tools/bin/../lib/gcc/arm-none-eabi/7.3.1/../../../../arm-none-eabi/lib/thumb/v7e-m/fpv4-sp/hard\libc_nano.a(lib_a-gdtoa-hexnan.o)
                0x0000000008010be0                __hexnan
 .text.__locale_ctype_ptr_l
                0x0000000008010d00        0x6 c:/st/stm32cubeide_1.5.1/stm32cubeide/plugins/com.st.stm32cube.ide.mcu.externaltools.gnu-tools-for-stm32.7-2018-q2-update.win32_1.5.0.202011040924/tools/bin/../lib/gcc/arm-none-eabi/7.3.1/../../../../arm-none-eabi/lib/thumb/v7e-m/fpv4-sp/hard\libc_nano.a(lib_a-locale.o)
                0x0000000008010d00                __locale_ctype_ptr_l
 *fill*         0x0000000008010d06        0x2 
 .text.__locale_ctype_ptr
                0x0000000008010d08       0x1c c:/st/stm32cubeide_1.5.1/stm32cubeide/plugins/com.st.stm32cube.ide.mcu.externaltools.gnu-tools-for-stm32.7-2018-q2-update.win32_1.5.0.202011040924/tools/bin/../lib/gcc/arm-none-eabi/7.3.1/../../../../arm-none-eabi/lib/thumb/v7e-m/fpv4-sp/hard\libc_nano.a(lib_a-locale.o)
                0x0000000008010d08                __locale_ctype_ptr
 .text.__localeconv_l
                0x0000000008010d24        0x4 c:/st/stm32cubeide_1.5.1/stm32cubeide/plugins/com.st.stm32cube.ide.mcu.externaltools.gnu-tools-for-stm32.7-2018-q2-update.win32_1.5.0.202011040924/tools/bin/../lib/gcc/arm-none-eabi/7.3.1/../../../../arm-none-eabi/lib/thumb/v7e-m/fpv4-sp/hard\libc_nano.a(lib_a-localeconv.o)
                0x0000000008010d24                __localeconv_l
 .text._localeconv_r
                0x0000000008010d28       0x1c c:/st/stm32cubeide_1.5.1/stm32cubeide/plugins/com.st.stm32cube.ide.mcu.externaltools.gnu-tools-for-stm32.7-2018-q2-update.win32_1.5.0.202011040924/tools/bin/../lib/gcc/arm-none-eabi/7.3.1/../../../../arm-none-eabi/lib/thumb/v7e-m/fpv4-sp/hard\libc_nano.a(lib_a-localeconv.o)
                0x0000000008010d28                _localeconv_r
 .text._lseek_r
                0x0000000008010d44       0x24 c:/st/stm32cubeide_1.5.1/stm32cubeide/plugins/com.st.stm32cube.ide.mcu.externaltools.gnu-tools-for-stm32.7-2018-q2-update.win32_1.5.0.202011040924/tools/bin/../lib/gcc/arm-none-eabi/7.3.1/../../../../arm-none-eabi/lib/thumb/v7e-m/fpv4-sp/hard\libc_nano.a(lib_a-lseekr.o)
                0x0000000008010d44                _lseek_r
 .text.__swhatbuf_r
                0x0000000008010d68       0x48 c:/st/stm32cubeide_1.5.1/stm32cubeide/plugins/com.st.stm32cube.ide.mcu.externaltools.gnu-tools-for-stm32.7-2018-q2-update.win32_1.5.0.202011040924/tools/bin/../lib/gcc/arm-none-eabi/7.3.1/../../../../arm-none-eabi/lib/thumb/v7e-m/fpv4-sp/hard\libc_nano.a(lib_a-makebuf.o)
                0x0000000008010d68                __swhatbuf_r
 .text.__smakebuf_r
                0x0000000008010db0       0x80 c:/st/stm32cubeide_1.5.1/stm32cubeide/plugins/com.st.stm32cube.ide.mcu.externaltools.gnu-tools-for-stm32.7-2018-q2-update.win32_1.5.0.202011040924/tools/bin/../lib/gcc/arm-none-eabi/7.3.1/../../../../arm-none-eabi/lib/thumb/v7e-m/fpv4-sp/hard\libc_nano.a(lib_a-makebuf.o)
                0x0000000008010db0                __smakebuf_r
 .text.malloc   0x0000000008010e30       0x10 c:/st/stm32cubeide_1.5.1/stm32cubeide/plugins/com.st.stm32cube.ide.mcu.externaltools.gnu-tools-for-stm32.7-2018-q2-update.win32_1.5.0.202011040924/tools/bin/../lib/gcc/arm-none-eabi/7.3.1/../../../../arm-none-eabi/lib/thumb/v7e-m/fpv4-sp/hard\libc_nano.a(lib_a-malloc.o)
                0x0000000008010e30                malloc
 .text.__ascii_mbtowc
                0x0000000008010e40       0x24 c:/st/stm32cubeide_1.5.1/stm32cubeide/plugins/com.st.stm32cube.ide.mcu.externaltools.gnu-tools-for-stm32.7-2018-q2-update.win32_1.5.0.202011040924/tools/bin/../lib/gcc/arm-none-eabi/7.3.1/../../../../arm-none-eabi/lib/thumb/v7e-m/fpv4-sp/hard\libc_nano.a(lib_a-mbtowc_r.o)
                0x0000000008010e40                __ascii_mbtowc
 .text.memcpy   0x0000000008010e64       0x16 c:/st/stm32cubeide_1.5.1/stm32cubeide/plugins/com.st.stm32cube.ide.mcu.externaltools.gnu-tools-for-stm32.7-2018-q2-update.win32_1.5.0.202011040924/tools/bin/../lib/gcc/arm-none-eabi/7.3.1/../../../../arm-none-eabi/lib/thumb/v7e-m/fpv4-sp/hard\libc_nano.a(lib_a-memcpy-stub.o)
                0x0000000008010e64                memcpy
 .text._Balloc  0x0000000008010e7a       0x68 c:/st/stm32cubeide_1.5.1/stm32cubeide/plugins/com.st.stm32cube.ide.mcu.externaltools.gnu-tools-for-stm32.7-2018-q2-update.win32_1.5.0.202011040924/tools/bin/../lib/gcc/arm-none-eabi/7.3.1/../../../../arm-none-eabi/lib/thumb/v7e-m/fpv4-sp/hard\libc_nano.a(lib_a-mprec.o)
                0x0000000008010e7a                _Balloc
 .text._Bfree   0x0000000008010ee2       0x2e c:/st/stm32cubeide_1.5.1/stm32cubeide/plugins/com.st.stm32cube.ide.mcu.externaltools.gnu-tools-for-stm32.7-2018-q2-update.win32_1.5.0.202011040924/tools/bin/../lib/gcc/arm-none-eabi/7.3.1/../../../../arm-none-eabi/lib/thumb/v7e-m/fpv4-sp/hard\libc_nano.a(lib_a-mprec.o)
                0x0000000008010ee2                _Bfree
 .text.__multadd
                0x0000000008010f10       0x76 c:/st/stm32cubeide_1.5.1/stm32cubeide/plugins/com.st.stm32cube.ide.mcu.externaltools.gnu-tools-for-stm32.7-2018-q2-update.win32_1.5.0.202011040924/tools/bin/../lib/gcc/arm-none-eabi/7.3.1/../../../../arm-none-eabi/lib/thumb/v7e-m/fpv4-sp/hard\libc_nano.a(lib_a-mprec.o)
                0x0000000008010f10                __multadd
 .text.__s2b    0x0000000008010f86       0x7c c:/st/stm32cubeide_1.5.1/stm32cubeide/plugins/com.st.stm32cube.ide.mcu.externaltools.gnu-tools-for-stm32.7-2018-q2-update.win32_1.5.0.202011040924/tools/bin/../lib/gcc/arm-none-eabi/7.3.1/../../../../arm-none-eabi/lib/thumb/v7e-m/fpv4-sp/hard\libc_nano.a(lib_a-mprec.o)
                0x0000000008010f86                __s2b
 .text.__hi0bits
                0x0000000008011002       0x3e c:/st/stm32cubeide_1.5.1/stm32cubeide/plugins/com.st.stm32cube.ide.mcu.externaltools.gnu-tools-for-stm32.7-2018-q2-update.win32_1.5.0.202011040924/tools/bin/../lib/gcc/arm-none-eabi/7.3.1/../../../../arm-none-eabi/lib/thumb/v7e-m/fpv4-sp/hard\libc_nano.a(lib_a-mprec.o)
                0x0000000008011002                __hi0bits
 .text.__lo0bits
                0x0000000008011040       0x5e c:/st/stm32cubeide_1.5.1/stm32cubeide/plugins/com.st.stm32cube.ide.mcu.externaltools.gnu-tools-for-stm32.7-2018-q2-update.win32_1.5.0.202011040924/tools/bin/../lib/gcc/arm-none-eabi/7.3.1/../../../../arm-none-eabi/lib/thumb/v7e-m/fpv4-sp/hard\libc_nano.a(lib_a-mprec.o)
                0x0000000008011040                __lo0bits
 .text.__i2b    0x000000000801109e       0x12 c:/st/stm32cubeide_1.5.1/stm32cubeide/plugins/com.st.stm32cube.ide.mcu.externaltools.gnu-tools-for-stm32.7-2018-q2-update.win32_1.5.0.202011040924/tools/bin/../lib/gcc/arm-none-eabi/7.3.1/../../../../arm-none-eabi/lib/thumb/v7e-m/fpv4-sp/hard\libc_nano.a(lib_a-mprec.o)
                0x000000000801109e                __i2b
 .text.__multiply
                0x00000000080110b0      0x12c c:/st/stm32cubeide_1.5.1/stm32cubeide/plugins/com.st.stm32cube.ide.mcu.externaltools.gnu-tools-for-stm32.7-2018-q2-update.win32_1.5.0.202011040924/tools/bin/../lib/gcc/arm-none-eabi/7.3.1/../../../../arm-none-eabi/lib/thumb/v7e-m/fpv4-sp/hard\libc_nano.a(lib_a-mprec.o)
                0x00000000080110b0                __multiply
 .text.__pow5mult