Encoder.cpp:24:1:Encoder::Encoder()	16	static
Encoder.cpp:27:6:void Encoder::init()	16	static
Encoder.cpp:35:6:void Encoder::update()	32	static
Encoder.cpp:55:6:void Encoder::clear()	16	static
Encoder.cpp:64:6:void Encoder::getCnt(float&, float&)	24	static
Encoder.cpp:70:7:float Encoder::getDistance()	16	static
Encoder.cpp:75:7:float Encoder::getDistance10mm()	16	static
Encoder.cpp:80:7:float Encoder::getTotalDistance()	16	static
Encoder.cpp:85:6:void Encoder::setTotalDistance(float)	16	static
Encoder.cpp:103:6:void Encoder::clearDistance10mm()	16	static
Encoder.cpp:110:6:void Encoder::clearTotalDistance()	16	static
Encoder.cpp:115:7:float Encoder::getSideLineIgnoreDistance()	16	static
Encoder.cpp:120:6:void Encoder::clearSideLineIgnoreDistance()	16	static
Encoder.cpp:124:7:float Encoder::getCrossLineIgnoreDistance()	16	static
Encoder.cpp:129:6:void Encoder::clearCrossLineIgnoreDistance()	16	static
Encoder.cpp:134:7:float Encoder::getGoalJudgeDistance()	16	static
Encoder.cpp:139:6:void Encoder::clearGoalJudgeDistance()	16	static
