std_abs.h:74:3:constexpr float std::abs(float)	16	static
LineTrace.cpp:33:1:LineTrace::LineTrace(Motor*, LineSensor*, VelocityCtrl*, SideSensor*, Encoder*, Odometry*, Logger*, IMU*)	32	static
LineTrace.cpp:65:7:float LineTrace::calcError()	32	static
LineTrace.cpp:81:7:float LineTrace::calcAngle()	40	static
LineTrace.cpp:109:6:void LineTrace::getSensorValues()	16	static
LineTrace.cpp:126:6:void LineTrace::calcStandardAngle(float&, uint16_t&)	40	static
LineTrace.cpp:155:6:void LineTrace::calcNormalizedSensorValue(uint16_t, float&, float&)	24	static
LineTrace.cpp:161:6:void LineTrace::calcDeltaTheta(float, float, float&)	40	static
LineTrace.cpp:167:6:void LineTrace::pidTrace()	40	static
LineTrace.cpp:199:6:void LineTrace::pidAngularVelocityTrace()	40	static
LineTrace.cpp:224:6:void LineTrace::steeringAngleTrace()	40	static
LineTrace.cpp:244:6:void LineTrace::loggerStart()	16	static
LineTrace.cpp:253:6:void LineTrace::loggerStop()	16	static
LineTrace.cpp:259:6:bool LineTrace::isCrossLine()	24	static
LineTrace.cpp:315:7:float LineTrace::calcRadius(float, float)	24	static
LineTrace.cpp:321:7:float LineTrace::radius2Velocity(float)	24	static
LineTrace.cpp:346:7:float LineTrace::radius2VelocityFnc(float)	48	static
LineTrace.cpp:356:6:void LineTrace::createVelocityTabele()	56	static
LineTrace.cpp:397:6:void LineTrace::createVelocityTabeleFromSD()	56	static
LineTrace.cpp:446:6:void LineTrace::decelerateProcessing(float, const float*)	48	static
LineTrace.cpp:463:6:void LineTrace::accelerateProcessing(float, const float*)	48	static
LineTrace.cpp:480:6:void LineTrace::updateTargetVelocity()	16	static
LineTrace.cpp:503:6:bool LineTrace::isStable()	40	static
LineTrace.cpp:534:6:void LineTrace::init()	80	static
LineTrace.cpp:571:6:void LineTrace::setGain(float, float, float)	24	static
LineTrace.cpp:578:6:void LineTrace::setGainFast(float, float, float)	24	static
LineTrace.cpp:585:6:void LineTrace::setVeloGain(float, float, float)	24	static
LineTrace.cpp:592:7:float LineTrace::getKp()	16	static
LineTrace.cpp:597:7:float LineTrace::getKi()	16	static
LineTrace.cpp:602:7:float LineTrace::getKd()	16	static
LineTrace.cpp:607:7:float LineTrace::getKpFast()	16	static
LineTrace.cpp:612:7:float LineTrace::getKiFast()	16	static
LineTrace.cpp:617:7:float LineTrace::getKdFast()	16	static
LineTrace.cpp:621:7:float LineTrace::getKpV()	16	static
LineTrace.cpp:625:7:float LineTrace::getKiV()	16	static
LineTrace.cpp:629:7:float LineTrace::getKdV()	16	static
LineTrace.cpp:634:6:void LineTrace::setNormalRatio(float)	16	static
LineTrace.cpp:639:6:void LineTrace::setTargetVelocity(float)	16	static
LineTrace.cpp:644:6:void LineTrace::setMaxVelocity(float)	16	static
LineTrace.cpp:649:6:void LineTrace::setMaxVelocity2(float)	16	static
LineTrace.cpp:654:6:void LineTrace::setMinVelocity(float)	16	static
LineTrace.cpp:659:6:void LineTrace::setMinVelocity2(float)	16	static
LineTrace.cpp:663:7:float LineTrace::getTargetVelocity()	16	static
LineTrace.cpp:668:7:float LineTrace::getMaxVelocity()	16	static
LineTrace.cpp:673:7:float LineTrace::getMaxVelocity2()	16	static
LineTrace.cpp:678:7:float LineTrace::getMinVelocity()	16	static
LineTrace.cpp:683:7:float LineTrace::getMinVelocity2()	16	static
LineTrace.cpp:687:6:void LineTrace::setMaxAccDec(float, float)	24	static
LineTrace.cpp:692:6:void LineTrace::setMaxAccDec2(float, float)	24	static
LineTrace.cpp:698:7:float LineTrace::getMaxAcc()	16	static
LineTrace.cpp:703:7:float LineTrace::getMaxDec2()	16	static
LineTrace.cpp:707:7:float LineTrace::getMaxAcc2()	16	static
LineTrace.cpp:712:7:float LineTrace::getMaxDec()	16	static
LineTrace.cpp:716:6:void LineTrace::flip()	16	static
LineTrace.cpp:821:6:void LineTrace::flip100ns()	16	static
LineTrace.cpp:836:6:void LineTrace::start()	16	static
LineTrace.cpp:847:6:void LineTrace::stop()	24	static
LineTrace.cpp:869:6:void LineTrace::running()	24	static
LineTrace.cpp:928:6:void LineTrace::storeLogs()	32	static
LineTrace.cpp:942:6:void LineTrace::startVelocityPlay()	16	static
LineTrace.cpp:948:6:void LineTrace::stopVelocityPlay()	16	static
LineTrace.cpp:955:6:void LineTrace::setMode(int16_t)	16	static
LineTrace.cpp:960:6:bool LineTrace::isTargetDistance(float)	24	static
LineTrace.cpp:970:6:void LineTrace::storeCrossLineDistance()	24	static
LineTrace.cpp:978:6:void LineTrace::storeSideLineDistance()	24	static
LineTrace.cpp:985:6:void LineTrace::storeAllSideLineDistance()	24	static
LineTrace.cpp:992:6:void LineTrace::correctionTotalDistanceFromCrossLine()	16	static
LineTrace.cpp:1001:6:void LineTrace::correctionTotalDistanceFromSideMarker()	32	static
LineTrace.cpp:1016:6:void LineTrace::correctionTotalDistanceFromAllSideMarker()	32	static
