Localization.cpp:15:6:void Localization::argInit_1x4_real_T(double*)	32	static
Localization.cpp:31:6:void Localization::convertTargetVelocityData(double*, int*)	32	static
Localization.cpp:47:6:void Localization::convertMeasuredPositionData(double*, int*)	32	static
Localization.cpp:64:6:void Localization::convertObservdThetaData(double*, int*)	32	static
Localization.cpp:77:6:void Localization::argInit_3x1_real_T(double*)	32	static
Localization.cpp:92:6:void Localization::argInit_3x3_real_T(double*)	32	static
Localization.cpp:107:8:double Localization::argInit_real_T()	16	static
Localization.cpp:112:7:float Localization::calcTargetAngularVelocity(float)	16	static
Localization.cpp:118:1:Localization::Localization(float, float, float, float*)	32	static
Localization.cpp:128:6:void Localization::setTargetVelocity(float, float)	24	static
Localization.cpp:136:6:void Localization::setMeasuredPosition(float, float, float)	24	static
Localization.cpp:143:6:void Localization::setObservdTheta(float)	16	static
Localization.cpp:148:6:void Localization::estimatePositionFlip()	424	static
Localization.cpp:192:6:void Localization::getEstimatedPosition(float*, float*, float*)	24	static
