Localization.cpp:20:6:void Localization::convertErrorParameter(double*)	32	static
Localization.cpp:36:6:void Localization::convertTargetVelocityData(double*, int*)	32	static
Localization.cpp:52:6:void Localization::convertMeasuredPositionData(double*, int*)	32	static
Localization.cpp:69:6:void Localization::convertObservdThetaData(double*, int*)	32	static
Localization.cpp:82:6:void Localization::convertPrePositionData(double*)	32	static
Localization.cpp:97:6:void Localization::convertPrePtData(double*)	32	static
Localization.cpp:112:8:double Localization::argInit_real_T()	16	static
Localization.cpp:117:7:float Localization::calcTargetAngularVelocity(float)	32	static
Localization.cpp:124:6:void Localization::initializePreData()	24	static
Localization.cpp:139:1:Localization::Localization(float, float, float, float*)	32	static
Localization.cpp:152:6:void Localization::setTargetVelocity(float, float)	24	static
Localization.cpp:166:6:void Localization::setMeasuredPosition(float, float, float)	24	static
Localization.cpp:173:6:void Localization::setObservdTheta(float)	16	static
Localization.cpp:178:6:void Localization::estimatePositionFlip()	432	static
Localization.cpp:240:6:void Localization::getEstimatedPosition(float*, float*, float*)	24	static
Localization.cpp:247:6:void Localization::enableEstimating()	16	static
Localization.cpp:253:6:void Localization::disableEstimating()	16	static
