Logger.cpp:14:1:Logger::Logger()	16	static
Logger.cpp:16:6:bool Logger::sdCardInit()	24	static
Logger.cpp:55:6:void Logger::storeLogs(float*, uint8_t)	24	static
Logger.cpp:63:6:void Logger::storeLogs(uint16_t*, uint8_t)	24	static
Logger.cpp:71:6:void Logger::storeLog(float)	16	static
Logger.cpp:81:6:void Logger::storeLog2(float)	16	static
Logger.cpp:92:6:void Logger::storeLog(uint16_t)	16	static
Logger.cpp:97:6:void Logger::storeDistanceAndTheta(float, float)	24	static
Logger.cpp:109:14:const float* Logger::getDistanceArrayPointer()	16	static
Logger.cpp:114:14:const float* Logger::getThetaArrayPointer()	16	static
Logger.cpp:119:6:void Logger::saveLogs(const char*, const char*)	32	static
Logger.cpp:123:6:void Logger::saveLogs2(const char*, const char*)	32	static
Logger.cpp:128:6:void Logger::saveDistanceAndTheta(const char*, const char*, const char*)	32	static
Logger.cpp:134:6:void Logger::importDistanceAndTheta(const char*, const char*, const char*)	24	static
Logger.cpp:167:6:void Logger::resetLogs()	80	static
Logger.cpp:191:6:void Logger::start()	16	static
Logger.cpp:196:6:void Logger::stop()	16	static
