core_cm4.h:2064:26:ITM_SendChar	16	static,ignoring_inline_asm
main.c:114:5:_write	32	static
main.c:125:6:HAL_GPIO_EXTI_Callback	16	static
main.c:131:6:HAL_TIM_PeriodElapsedCallback	16	static
main.c:156:6:init	24	static
main.c:206:5:main	8	static
main.c:310:6:SystemClock_Config	152	static
main.c:369:13:MX_ADC2_Init	24	static
main.c:523:13:MX_I2C1_Init	8	static
main.c:557:13:MX_I2C2_Init	8	static
main.c:591:13:MX_SDIO_SD_Init	4	static
main.c:619:13:MX_SPI2_Init	8	static
main.c:657:13:MX_TIM1_Init	112	static
main.c:736:13:MX_TIM3_Init	48	static
main.c:789:13:MX_TIM4_Init	48	static
main.c:842:13:MX_TIM6_Init	16	static
main.c:880:13:MX_TIM7_Init	16	static
main.c:918:13:MX_TIM8_Init	56	static
main.c:968:13:MX_TIM10_Init	40	static
main.c:1014:13:MX_TIM11_Init	40	static
main.c:1060:13:MX_USART2_UART_Init	8	static
main.c:1091:13:MX_DMA_Init	16	static
main.c:1115:13:MX_GPIO_Init	56	static
main.c:1250:6:Error_Handler	4	static,ignoring_inline_asm
