core_cm4.h:2064:26:ITM_SendChar	16	static,ignoring_inline_asm
main.c:111:5:_write	32	static
main.c:123:6:HAL_GPIO_EXTI_Callback	16	static
main.c:139:9:getRotarySW	16	static
main.c:151:10:getSideSensor	8	static
main.c:204:6:init	16	static
main.c:257:5:main	16	static
main.c:355:6:SystemClock_Config	152	static
main.c:414:13:MX_ADC2_Init	24	static
main.c:568:13:MX_I2C1_Init	8	static
main.c:602:13:MX_I2C2_Init	8	static
main.c:636:13:MX_SDIO_SD_Init	4	static
main.c:664:13:MX_SPI2_Init	8	static
main.c:702:13:MX_TIM1_Init	112	static
main.c:781:13:MX_TIM3_Init	48	static
main.c:834:13:MX_TIM4_Init	48	static
main.c:887:13:MX_TIM6_Init	16	static
main.c:925:13:MX_TIM7_Init	16	static
main.c:963:13:MX_TIM8_Init	56	static
main.c:1013:13:MX_TIM10_Init	40	static
main.c:1059:13:MX_TIM11_Init	40	static
main.c:1105:13:MX_USART2_UART_Init	8	static
main.c:1136:13:MX_DMA_Init	16	static
main.c:1160:13:MX_GPIO_Init	56	static
main.c:1294:6:Error_Handler	4	static,ignoring_inline_asm
