core_cm4.h:2064:26:ITM_SendChar	16	static,ignoring_inline_asm
main.c:117:5:_write	32	static
main.c:128:6:HAL_GPIO_EXTI_Callback	16	static
main.c:134:6:HAL_TIM_PeriodElapsedCallback	16	static
main.c:166:6:init	8	static
main.c:213:5:main	8	static
main.c:327:6:SystemClock_Config	152	static
main.c:386:13:MX_ADC2_Init	24	static
main.c:540:13:MX_I2C1_Init	8	static
main.c:574:13:MX_I2C2_Init	8	static
main.c:608:13:MX_SDIO_SD_Init	4	static
main.c:636:13:MX_SPI2_Init	8	static
main.c:674:13:MX_TIM1_Init	112	static
main.c:753:13:MX_TIM3_Init	48	static
main.c:806:13:MX_TIM4_Init	48	static
main.c:859:13:MX_TIM6_Init	16	static
main.c:897:13:MX_TIM7_Init	16	static
main.c:935:13:MX_TIM8_Init	56	static
main.c:985:13:MX_TIM10_Init	40	static
main.c:1031:13:MX_TIM11_Init	40	static
main.c:1077:13:MX_TIM13_Init	8	static
main.c:1108:13:MX_USART2_UART_Init	8	static
main.c:1139:13:MX_DMA_Init	16	static
main.c:1163:13:MX_GPIO_Init	56	static
main.c:1298:6:Error_Handler	4	static,ignoring_inline_asm
