core_cm4.h:2064:26:ITM_SendChar	16	static,ignoring_inline_asm
main.c:106:5:_write	32	static
main.c:117:6:HAL_GPIO_EXTI_Callback	16	static
main.c:123:6:HAL_TIM_PeriodElapsedCallback	16	static
main.c:147:6:init	8	static
main.c:169:5:main	8	static
main.c:233:6:SystemClock_Config	152	static
main.c:292:13:MX_ADC2_Init	24	static
main.c:446:13:MX_I2C1_Init	8	static
main.c:480:13:MX_I2C2_Init	8	static
main.c:514:13:MX_SDIO_SD_Init	4	static
main.c:542:13:MX_SPI2_Init	8	static
main.c:580:13:MX_TIM1_Init	112	static
main.c:659:13:MX_TIM3_Init	48	static
main.c:712:13:MX_TIM4_Init	48	static
main.c:765:13:MX_TIM6_Init	16	static
main.c:803:13:MX_TIM7_Init	16	static
main.c:841:13:MX_TIM8_Init	56	static
main.c:891:13:MX_TIM10_Init	40	static
main.c:937:13:MX_TIM11_Init	40	static
main.c:983:13:MX_TIM13_Init	8	static
main.c:1014:13:MX_USART2_UART_Init	8	static
main.c:1045:13:MX_DMA_Init	16	static
main.c:1069:13:MX_GPIO_Init	56	static
main.c:1197:6:Error_Handler	4	static,ignoring_inline_asm
