core_cm4.h:2064:26:ITM_SendChar	16	static,ignoring_inline_asm
main.c:94:5:_write	32	static
main.c:104:6:HAL_TIM_PeriodElapsedCallback	16	static
main.c:111:6:init	8	static
main.c:140:5:main	8	static
main.c:225:6:SystemClock_Config	152	static
main.c:284:13:MX_ADC1_Init	24	static
main.c:438:13:MX_I2C1_Init	8	static
main.c:472:13:MX_I2C2_Init	8	static
main.c:506:13:MX_SDIO_SD_Init	4	static
main.c:534:13:MX_SPI2_Init	8	static
main.c:572:13:MX_TIM1_Init	112	static
main.c:655:13:MX_TIM4_Init	48	static
main.c:708:13:MX_TIM6_Init	16	static
main.c:746:13:MX_TIM7_Init	16	static
main.c:784:13:MX_TIM8_Init	56	static
main.c:834:13:MX_USART2_UART_Init	8	static
main.c:865:13:MX_DMA_Init	16	static
main.c:883:13:MX_GPIO_Init	56	static
main.c:978:6:Error_Handler	4	static,ignoring_inline_asm
