core_cm4.h:2064:26:ITM_SendChar	16	static,ignoring_inline_asm
main.c:92:5:_write	32	static
main.c:102:6:HAL_TIM_PeriodElapsedCallback	16	static
main.c:107:6:init	8	static
main.c:133:5:main	8	static
main.c:217:6:SystemClock_Config	152	static
main.c:276:13:MX_ADC1_Init	24	static
main.c:430:13:MX_I2C1_Init	8	static
main.c:464:13:MX_I2C2_Init	8	static
main.c:498:13:MX_SDIO_SD_Init	4	static
main.c:526:13:MX_SPI2_Init	8	static
main.c:564:13:MX_TIM1_Init	112	static
main.c:647:13:MX_TIM4_Init	48	static
main.c:700:13:MX_TIM6_Init	16	static
main.c:738:13:MX_TIM7_Init	16	static
main.c:776:13:MX_TIM8_Init	56	static
main.c:826:13:MX_USART2_UART_Init	8	static
main.c:857:13:MX_DMA_Init	16	static
main.c:875:13:MX_GPIO_Init	56	static
main.c:970:6:Error_Handler	4	static,ignoring_inline_asm
