core_cm4.h:2064:26:ITM_SendChar	16	static,ignoring_inline_asm
main.c:112:5:_write	32	static
main.c:124:6:HAL_GPIO_EXTI_Callback	16	static
main.c:140:9:getRotarySW	16	static
main.c:152:10:getSideSensor	8	static
main.c:172:6:adUpdate	4	static
main.c:192:6:HAL_TIM_PeriodElapsedCallback	16	static
main.c:202:6:init	16	static
main.c:252:5:main	16	static
main.c:350:6:SystemClock_Config	152	static
main.c:409:13:MX_ADC2_Init	24	static
main.c:563:13:MX_I2C1_Init	8	static
main.c:597:13:MX_I2C2_Init	8	static
main.c:631:13:MX_SDIO_SD_Init	4	static
main.c:659:13:MX_SPI2_Init	8	static
main.c:697:13:MX_TIM1_Init	112	static
main.c:776:13:MX_TIM3_Init	48	static
main.c:829:13:MX_TIM4_Init	48	static
main.c:882:13:MX_TIM6_Init	16	static
main.c:920:13:MX_TIM7_Init	16	static
main.c:958:13:MX_TIM8_Init	56	static
main.c:1008:13:MX_TIM10_Init	40	static
main.c:1054:13:MX_TIM11_Init	40	static
main.c:1100:13:MX_USART2_UART_Init	8	static
main.c:1131:13:MX_DMA_Init	16	static
main.c:1155:13:MX_GPIO_Init	56	static
main.c:1289:6:Error_Handler	4	static,ignoring_inline_asm
