core_cm4.h:2064:26:ITM_SendChar	16	static,ignoring_inline_asm
main.c:107:5:_write	32	static
main.c:119:6:HAL_GPIO_EXTI_Callback	16	static
main.c:135:9:getRotarySW	16	static
main.c:147:10:getSideSensor	8	static
main.c:167:6:adUpdate	4	static
main.c:187:6:HAL_TIM_PeriodElapsedCallback	16	static
main.c:197:6:init	16	static
main.c:249:5:main	16	static
main.c:347:6:SystemClock_Config	152	static
main.c:406:13:MX_ADC2_Init	24	static
main.c:560:13:MX_I2C1_Init	8	static
main.c:594:13:MX_I2C2_Init	8	static
main.c:628:13:MX_SDIO_SD_Init	4	static
main.c:656:13:MX_SPI2_Init	8	static
main.c:694:13:MX_TIM1_Init	112	static
main.c:773:13:MX_TIM3_Init	48	static
main.c:826:13:MX_TIM4_Init	48	static
main.c:879:13:MX_TIM6_Init	16	static
main.c:917:13:MX_TIM7_Init	16	static
main.c:955:13:MX_TIM8_Init	56	static
main.c:1005:13:MX_TIM10_Init	40	static
main.c:1051:13:MX_TIM11_Init	40	static
main.c:1097:13:MX_USART2_UART_Init	8	static
main.c:1128:13:MX_DMA_Init	16	static
main.c:1152:13:MX_GPIO_Init	56	static
main.c:1286:6:Error_Handler	4	static,ignoring_inline_asm
