core_cm4.h:2064:26:ITM_SendChar	16	static,ignoring_inline_asm
main.c:117:5:_write	32	static
main.c:128:6:HAL_GPIO_EXTI_Callback	16	static
main.c:134:6:HAL_TIM_PeriodElapsedCallback	16	static
main.c:165:6:init	8	static
main.c:212:5:main	8	static
main.c:325:6:SystemClock_Config	152	static
main.c:384:13:MX_ADC2_Init	24	static
main.c:538:13:MX_I2C1_Init	8	static
main.c:572:13:MX_I2C2_Init	8	static
main.c:606:13:MX_SDIO_SD_Init	4	static
main.c:634:13:MX_SPI2_Init	8	static
main.c:672:13:MX_TIM1_Init	112	static
main.c:751:13:MX_TIM3_Init	48	static
main.c:804:13:MX_TIM4_Init	48	static
main.c:857:13:MX_TIM6_Init	16	static
main.c:895:13:MX_TIM7_Init	16	static
main.c:933:13:MX_TIM8_Init	56	static
main.c:983:13:MX_TIM10_Init	40	static
main.c:1029:13:MX_TIM11_Init	40	static
main.c:1075:13:MX_TIM13_Init	8	static
main.c:1106:13:MX_USART2_UART_Init	8	static
main.c:1137:13:MX_DMA_Init	16	static
main.c:1161:13:MX_GPIO_Init	56	static
main.c:1296:6:Error_Handler	4	static,ignoring_inline_asm
