core_cm4.h:2064:26:ITM_SendChar	16	static,ignoring_inline_asm
main.c:111:5:_write	32	static
main.c:123:6:HAL_GPIO_EXTI_Callback	16	static
main.c:128:6:HAL_TIM_PeriodElapsedCallback	16	static
main.c:133:6:init	16	static
main.c:177:5:main	8	static
main.c:279:6:SystemClock_Config	152	static
main.c:338:13:MX_ADC2_Init	24	static
main.c:492:13:MX_I2C1_Init	8	static
main.c:526:13:MX_I2C2_Init	8	static
main.c:560:13:MX_SDIO_SD_Init	4	static
main.c:588:13:MX_SPI2_Init	8	static
main.c:626:13:MX_TIM1_Init	112	static
main.c:705:13:MX_TIM3_Init	48	static
main.c:758:13:MX_TIM4_Init	48	static
main.c:811:13:MX_TIM6_Init	16	static
main.c:849:13:MX_TIM7_Init	16	static
main.c:887:13:MX_TIM8_Init	56	static
main.c:937:13:MX_TIM10_Init	40	static
main.c:983:13:MX_TIM11_Init	40	static
main.c:1029:13:MX_USART2_UART_Init	8	static
main.c:1060:13:MX_DMA_Init	16	static
main.c:1084:13:MX_GPIO_Init	56	static
main.c:1219:6:Error_Handler	4	static,ignoring_inline_asm
