core_cm4.h:2064:26:ITM_SendChar	16	static,ignoring_inline_asm
main.c:111:5:_write	32	static
main.c:123:6:HAL_GPIO_EXTI_Callback	16	static
main.c:128:6:HAL_TIM_PeriodElapsedCallback	16	static
main.c:133:6:init	16	static
main.c:176:5:main	8	static
main.c:278:6:SystemClock_Config	152	static
main.c:337:13:MX_ADC2_Init	24	static
main.c:491:13:MX_I2C1_Init	8	static
main.c:525:13:MX_I2C2_Init	8	static
main.c:559:13:MX_SDIO_SD_Init	4	static
main.c:587:13:MX_SPI2_Init	8	static
main.c:625:13:MX_TIM1_Init	112	static
main.c:704:13:MX_TIM3_Init	48	static
main.c:757:13:MX_TIM4_Init	48	static
main.c:810:13:MX_TIM6_Init	16	static
main.c:848:13:MX_TIM7_Init	16	static
main.c:886:13:MX_TIM8_Init	56	static
main.c:936:13:MX_TIM10_Init	40	static
main.c:982:13:MX_TIM11_Init	40	static
main.c:1028:13:MX_USART2_UART_Init	8	static
main.c:1059:13:MX_DMA_Init	16	static
main.c:1083:13:MX_GPIO_Init	56	static
main.c:1218:6:Error_Handler	4	static,ignoring_inline_asm
