core_cm4.h:2064:26:ITM_SendChar	16	static,ignoring_inline_asm
main.c:109:5:_write	32	static
main.c:119:6:HAL_TIM_PeriodElapsedCallback	16	static
main.c:126:6:HAL_GPIO_EXTI_Callback	16	static
main.c:142:9:R_SW	16	static
main.c:154:6:init	16	static
main.c:197:5:main	88	static
main.c:290:6:SystemClock_Config	152	static
main.c:349:13:MX_ADC1_Init	24	static
main.c:503:13:MX_I2C1_Init	8	static
main.c:537:13:MX_I2C2_Init	8	static
main.c:571:13:MX_SDIO_SD_Init	4	static
main.c:599:13:MX_SPI2_Init	8	static
main.c:637:13:MX_TIM1_Init	112	static
main.c:720:13:MX_TIM3_Init	48	static
main.c:773:13:MX_TIM4_Init	48	static
main.c:826:13:MX_TIM6_Init	16	static
main.c:864:13:MX_TIM7_Init	16	static
main.c:902:13:MX_TIM8_Init	56	static
main.c:952:13:MX_TIM10_Init	40	static
main.c:998:13:MX_TIM11_Init	40	static
main.c:1044:13:MX_USART2_UART_Init	8	static
main.c:1075:13:MX_DMA_Init	16	static
main.c:1099:13:MX_GPIO_Init	56	static
main.c:1197:6:Error_Handler	4	static,ignoring_inline_asm
