core_cm4.h:2064:26:ITM_SendChar	16	static,ignoring_inline_asm
main.c:116:5:_write	32	static
main.c:128:6:HAL_GPIO_EXTI_Callback	16	static
main.c:144:9:getRotarySW	16	static
main.c:156:10:getSideSensor	8	static
main.c:176:6:adUpdate	4	static
main.c:196:6:HAL_TIM_PeriodElapsedCallback	16	static
main.c:206:6:init	16	static
main.c:259:5:main	16	static
main.c:357:6:SystemClock_Config	152	static
main.c:416:13:MX_ADC2_Init	24	static
main.c:570:13:MX_I2C1_Init	8	static
main.c:604:13:MX_I2C2_Init	8	static
main.c:638:13:MX_SDIO_SD_Init	4	static
main.c:666:13:MX_SPI2_Init	8	static
main.c:704:13:MX_TIM1_Init	112	static
main.c:783:13:MX_TIM3_Init	48	static
main.c:836:13:MX_TIM4_Init	48	static
main.c:889:13:MX_TIM6_Init	16	static
main.c:927:13:MX_TIM7_Init	16	static
main.c:965:13:MX_TIM8_Init	56	static
main.c:1015:13:MX_TIM10_Init	40	static
main.c:1061:13:MX_TIM11_Init	40	static
main.c:1107:13:MX_USART2_UART_Init	8	static
main.c:1138:13:MX_DMA_Init	16	static
main.c:1162:13:MX_GPIO_Init	56	static
main.c:1296:6:Error_Handler	4	static,ignoring_inline_asm
