core_cm4.h:2064:26:ITM_SendChar	16	static,ignoring_inline_asm
main.c:88:5:_write	32	static
main.c:98:6:HAL_TIM_PeriodElapsedCallback	16	static
main.c:109:5:main	8	static
main.c:198:6:SystemClock_Config	152	static
main.c:257:13:MX_ADC1_Init	24	static
main.c:411:13:MX_I2C2_Init	8	static
main.c:445:13:MX_SDIO_SD_Init	4	static
main.c:473:13:MX_SPI2_Init	8	static
main.c:511:13:MX_TIM1_Init	112	static
main.c:594:13:MX_TIM4_Init	48	static
main.c:647:13:MX_TIM6_Init	16	static
main.c:685:13:MX_TIM7_Init	16	static
main.c:723:13:MX_TIM8_Init	56	static
main.c:773:13:MX_USART2_UART_Init	8	static
main.c:804:13:MX_DMA_Init	16	static
main.c:822:13:MX_GPIO_Init	56	static
main.c:925:6:Error_Handler	4	static,ignoring_inline_asm
