core_cm4.h:2064:26:ITM_SendChar	16	static,ignoring_inline_asm
main.c:110:5:_write	32	static
main.c:122:6:HAL_GPIO_EXTI_Callback	16	static
main.c:138:9:R_SW	16	static
main.c:151:6:adUpdate	4	static
main.c:170:6:HAL_TIM_PeriodElapsedCallback	16	static
main.c:179:6:init	16	static
main.c:229:5:main	88	static
main.c:322:6:SystemClock_Config	152	static
main.c:381:13:MX_ADC1_Init	24	static
main.c:535:13:MX_I2C1_Init	8	static
main.c:569:13:MX_I2C2_Init	8	static
main.c:603:13:MX_SDIO_SD_Init	4	static
main.c:631:13:MX_SPI2_Init	8	static
main.c:669:13:MX_TIM1_Init	112	static
main.c:748:13:MX_TIM3_Init	48	static
main.c:801:13:MX_TIM4_Init	48	static
main.c:854:13:MX_TIM6_Init	16	static
main.c:892:13:MX_TIM7_Init	16	static
main.c:930:13:MX_TIM8_Init	56	static
main.c:980:13:MX_TIM10_Init	40	static
main.c:1026:13:MX_TIM11_Init	40	static
main.c:1072:13:MX_USART2_UART_Init	8	static
main.c:1103:13:MX_DMA_Init	16	static
main.c:1127:13:MX_GPIO_Init	56	static
main.c:1235:6:Error_Handler	4	static,ignoring_inline_asm
