core_cm4.h:2064:26:ITM_SendChar	16	static,ignoring_inline_asm
main.c:109:5:_write	32	static
main.c:119:6:HAL_TIM_PeriodElapsedCallback	16	static
main.c:126:6:init	16	static
main.c:169:5:main	88	static
main.c:260:6:SystemClock_Config	152	static
main.c:319:13:MX_ADC1_Init	24	static
main.c:473:13:MX_I2C1_Init	8	static
main.c:507:13:MX_I2C2_Init	8	static
main.c:541:13:MX_SDIO_SD_Init	4	static
main.c:569:13:MX_SPI2_Init	8	static
main.c:607:13:MX_TIM1_Init	112	static
main.c:690:13:MX_TIM3_Init	48	static
main.c:743:13:MX_TIM4_Init	48	static
main.c:796:13:MX_TIM6_Init	16	static
main.c:834:13:MX_TIM7_Init	16	static
main.c:872:13:MX_TIM8_Init	56	static
main.c:922:13:MX_TIM10_Init	40	static
main.c:968:13:MX_TIM11_Init	40	static
main.c:1014:13:MX_USART2_UART_Init	8	static
main.c:1045:13:MX_DMA_Init	16	static
main.c:1069:13:MX_GPIO_Init	56	static
main.c:1150:6:Error_Handler	4	static,ignoring_inline_asm
