core_cm4.h:2064:26:ITM_SendChar	16	static,ignoring_inline_asm
main.c:111:5:_write	32	static
main.c:123:6:HAL_GPIO_EXTI_Callback	16	static
main.c:144:9:getRotarySW	16	static
main.c:156:10:getSideSensor	8	static
main.c:197:6:HAL_TIM_PeriodElapsedCallback	16	static
main.c:209:6:init	16	static
main.c:262:5:main	8	static
main.c:362:6:SystemClock_Config	152	static
main.c:421:13:MX_ADC2_Init	24	static
main.c:575:13:MX_I2C1_Init	8	static
main.c:609:13:MX_I2C2_Init	8	static
main.c:643:13:MX_SDIO_SD_Init	4	static
main.c:671:13:MX_SPI2_Init	8	static
main.c:709:13:MX_TIM1_Init	112	static
main.c:788:13:MX_TIM3_Init	48	static
main.c:841:13:MX_TIM4_Init	48	static
main.c:894:13:MX_TIM6_Init	16	static
main.c:932:13:MX_TIM7_Init	16	static
main.c:970:13:MX_TIM8_Init	56	static
main.c:1020:13:MX_TIM10_Init	40	static
main.c:1066:13:MX_TIM11_Init	40	static
main.c:1112:13:MX_USART2_UART_Init	8	static
main.c:1143:13:MX_DMA_Init	16	static
main.c:1167:13:MX_GPIO_Init	56	static
main.c:1302:6:Error_Handler	4	static,ignoring_inline_asm
