cmath:144:3:constexpr float std::atan2(float, float)	16	static
MMC5983MA.cpp:53:6:void HAL_I2C_MasterTxCpltCallback(I2C_HandleTypeDef*)	88	static
MMC5983MA.cpp:62:6:void HAL_I2C_MasterRxCpltCallback(I2C_HandleTypeDef*)	168	static
MMC5983MA.cpp:95:1:MMC5983MA::MMC5983MA()	16	static
MMC5983MA.cpp:113:6:void MMC5983MA::init()	16	static
MMC5983MA.cpp:122:6:void MMC5983MA::flip()	16	static
MMC5983MA.cpp:131:6:void MMC5983MA::start()	16	static
MMC5983MA.cpp:137:6:void MMC5983MA::stop()	16	static
MMC5983MA.cpp:142:6:void MMC5983MA::send(uint8_t*, uint16_t)	32	static
MMC5983MA.cpp:147:6:void MMC5983MA::receive(uint8_t*, uint16_t)	32	static
MMC5983MA.cpp:152:6:void MMC5983MA::send_IT(uint8_t*, uint16_t)	24	static
MMC5983MA.cpp:157:6:void MMC5983MA::receive_IT(uint8_t*, uint16_t)	24	static
MMC5983MA.cpp:162:6:void MMC5983MA::write(uint8_t, uint8_t*, uint16_t)	48	dynamic
MMC5983MA.cpp:175:6:void MMC5983MA::read(uint8_t, uint8_t*, uint16_t)	24	static
MMC5983MA.cpp:183:6:void MMC5983MA::write_IT(uint8_t, uint8_t*, uint16_t)	48	dynamic
MMC5983MA.cpp:195:6:void MMC5983MA::read_IT(uint8_t, uint16_t)	16	static
MMC5983MA.cpp:205:6:void MMC5983MA::measurementStartOnce()	24	static
MMC5983MA.cpp:216:6:void MMC5983MA::measurementStartContinuous()	24	static
MMC5983MA.cpp:229:6:void MMC5983MA::measurementStop()	16	static
MMC5983MA.cpp:234:6:void MMC5983MA::calibrationUsingSetReset()	80	static
MMC5983MA.cpp:296:6:void MMC5983MA::calibrationUsingRotation()	16	static
MMC5983MA.cpp:317:6:void MMC5983MA::applyRotationOffset()	16	static
MMC5983MA.cpp:324:6:void MMC5983MA::clearCalibrationInfo()	16	static
MMC5983MA.cpp:341:6:void MMC5983MA::updateData()	16	static
MMC5983MA.cpp:352:6:void MMC5983MA::requestDataReading()	16	static
MMC5983MA.cpp:360:9:int32_t MMC5983MA::getGaussXData()	16	static
MMC5983MA.cpp:366:9:int32_t MMC5983MA::getGaussYData()	16	static
MMC5983MA.cpp:372:9:int32_t MMC5983MA::getGaussZData()	16	static
MMC5983MA.cpp:378:7:float MMC5983MA::calcAngle(float, float)	48	static
MMC5983MA.cpp:400:6:void MMC5983MA::resetAngle()	16	static
MMC5983MA.cpp:406:6:void MMC5983MA::softwareReset()	24	static
MMC5983MA.cpp:413:6:void MMC5983MA::clearBuff()	24	static
MMC5983MA.cpp:420:6:void MMC5983MA::setQueue(uint8_t, uint8_t)	16	static
MMC5983MA.cpp:430:6:void MMC5983MA::shiftQueue()	24	static
