MMC5983MA.cpp:50:6:void HAL_I2C_MasterTxCpltCallback(I2C_HandleTypeDef*)	80	static
MMC5983MA.cpp:59:6:void HAL_I2C_MasterRxCpltCallback(I2C_HandleTypeDef*)	152	static
MMC5983MA.cpp:92:1:MMC5983MA::MMC5983MA()	16	static
MMC5983MA.cpp:110:6:void MMC5983MA::init()	16	static
MMC5983MA.cpp:119:6:void MMC5983MA::flip()	16	static
MMC5983MA.cpp:128:6:void MMC5983MA::start()	16	static
MMC5983MA.cpp:134:6:void MMC5983MA::stop()	16	static
MMC5983MA.cpp:139:6:void MMC5983MA::send(uint8_t*, uint16_t)	32	static
MMC5983MA.cpp:144:6:void MMC5983MA::receive(uint8_t*, uint16_t)	32	static
MMC5983MA.cpp:149:6:void MMC5983MA::send_IT(uint8_t*, uint16_t)	24	static
MMC5983MA.cpp:154:6:void MMC5983MA::receive_IT(uint8_t*, uint16_t)	24	static
MMC5983MA.cpp:159:6:void MMC5983MA::write(uint8_t, uint8_t*, uint16_t)	48	dynamic
MMC5983MA.cpp:172:6:void MMC5983MA::read(uint8_t, uint8_t*, uint16_t)	24	static
MMC5983MA.cpp:180:6:void MMC5983MA::write_IT(uint8_t, uint8_t*, uint16_t)	48	dynamic
MMC5983MA.cpp:192:6:void MMC5983MA::read_IT(uint8_t, uint16_t)	16	static
MMC5983MA.cpp:202:6:void MMC5983MA::measurementStartOnce()	24	static
MMC5983MA.cpp:213:6:void MMC5983MA::measurementStartContinuous()	24	static
MMC5983MA.cpp:226:6:void MMC5983MA::measurementStop()	16	static
MMC5983MA.cpp:231:6:void MMC5983MA::calibrationUsingSetReset()	80	static
MMC5983MA.cpp:293:6:void MMC5983MA::calibrationUsingRotation()	16	static
MMC5983MA.cpp:316:6:void MMC5983MA::applyRotationOffset()	16	static
MMC5983MA.cpp:323:6:void MMC5983MA::updateData()	16	static
MMC5983MA.cpp:331:6:void MMC5983MA::requestDataReading()	16	static
MMC5983MA.cpp:339:9:int32_t MMC5983MA::getGaussXData()	16	static
MMC5983MA.cpp:345:9:int32_t MMC5983MA::getGaussYData()	16	static
MMC5983MA.cpp:351:9:int32_t MMC5983MA::getGaussZData()	16	static
MMC5983MA.cpp:357:6:void MMC5983MA::softwareReset()	24	static
MMC5983MA.cpp:364:6:void MMC5983MA::clearBuff()	24	static
MMC5983MA.cpp:371:6:void MMC5983MA::setQueue(uint8_t, uint8_t)	16	static
MMC5983MA.cpp:381:6:void MMC5983MA::shiftQueue()	24	static
MMC5983MA.cpp:388:6:void MMC5983MA::clearCalibrationInfo()	16	static
