MMC5983MA.cpp:50:6:void HAL_I2C_MasterTxCpltCallback(I2C_HandleTypeDef*)	48	static
MMC5983MA.cpp:59:6:void HAL_I2C_MasterRxCpltCallback(I2C_HandleTypeDef*)	72	static
MMC5983MA.cpp:86:1:MMC5983MA::MMC5983MA()	16	static
MMC5983MA.cpp:100:6:void MMC5983MA::send(uint8_t*, uint16_t)	32	static
MMC5983MA.cpp:105:6:void MMC5983MA::receive(uint8_t*, uint16_t)	32	static
MMC5983MA.cpp:110:6:void MMC5983MA::send_IT(uint8_t*, uint16_t)	24	static
MMC5983MA.cpp:115:6:void MMC5983MA::receive_IT(uint8_t*, uint16_t)	24	static
MMC5983MA.cpp:120:6:void MMC5983MA::write(uint8_t, uint8_t*, uint16_t)	48	dynamic
MMC5983MA.cpp:133:6:void MMC5983MA::read(uint8_t, uint8_t*, uint16_t)	24	static
MMC5983MA.cpp:141:6:void MMC5983MA::write_IT(uint8_t, uint8_t*, uint16_t)	48	dynamic
MMC5983MA.cpp:153:6:void MMC5983MA::read_IT(uint8_t, uint16_t)	16	static
MMC5983MA.cpp:163:6:void MMC5983MA::measurementStartOnce()	24	static
MMC5983MA.cpp:174:6:void MMC5983MA::measurementStartContinuous()	24	static
MMC5983MA.cpp:189:6:void MMC5983MA::measurementStop()	16	static
MMC5983MA.cpp:194:6:void MMC5983MA::calibration()	72	static
MMC5983MA.cpp:242:6:void MMC5983MA::updateData()	16	static
MMC5983MA.cpp:257:6:void MMC5983MA::requestDataReading()	16	static
MMC5983MA.cpp:265:9:int16_t MMC5983MA::getGaussXData()	16	static
MMC5983MA.cpp:271:9:int16_t MMC5983MA::getGaussYData()	16	static
MMC5983MA.cpp:277:9:int16_t MMC5983MA::getGaussZData()	16	static
MMC5983MA.cpp:283:6:void MMC5983MA::softwareReset()	24	static
MMC5983MA.cpp:290:6:void MMC5983MA::clearBuff()	24	static
MMC5983MA.cpp:297:6:void MMC5983MA::setQueue(uint8_t, uint8_t)	16	static
MMC5983MA.cpp:307:6:void MMC5983MA::shiftQueue()	24	static
