PathFollowing.cpp:16:1:PathFollowing::PathFollowing()	16	static
PathFollowing.cpp:32:6:void PathFollowing::calcXY(double, double, double&, double&)	48	static
PathFollowing.cpp:39:6:bool PathFollowing::isNear(double, double, double)	48	static
PathFollowing.cpp:51:6:void PathFollowing::init()	40	static
PathFollowing.cpp:62:6:void PathFollowing::setGain(double, double, double)	40	static
PathFollowing.cpp:69:8:double PathFollowing::getKxVal()	16	static
PathFollowing.cpp:74:8:double PathFollowing::getKyVal()	16	static
PathFollowing.cpp:79:8:double PathFollowing::getKtVal()	16	static
PathFollowing.cpp:84:6:void PathFollowing::setTargetPathSingle(double, double, double)	40	static
PathFollowing.cpp:91:6:void PathFollowing::setTargetPathMulti()	24	static
PathFollowing.cpp:100:6:bool PathFollowing::targetUpdate(double&, double&)	56	static
PathFollowing.cpp:138:6:void PathFollowing::setCurrentPath(double, double, double)	40	static
PathFollowing.cpp:145:6:void PathFollowing::getTargetVelocitys(double&, double&)	24	static
PathFollowing.cpp:151:6:void PathFollowing::flip()	16	static
PathFollowing.cpp:158:6:void PathFollowing::start()	16	static
PathFollowing.cpp:163:6:void PathFollowing::stop()	16	static
