PathFollowing.cpp:16:1:PathFollowing::PathFollowing()	16	static
PathFollowing.cpp:32:6:void PathFollowing::calcXY(double, double, double&, double&)	48	static
PathFollowing.cpp:39:6:bool PathFollowing::isNear(double, double, double)	48	static
PathFollowing.cpp:51:6:void PathFollowing::init()	16	static
PathFollowing.cpp:56:6:void PathFollowing::setGain(double, double, double)	40	static
PathFollowing.cpp:63:8:double PathFollowing::getKxVal()	16	static
PathFollowing.cpp:68:8:double PathFollowing::getKyVal()	16	static
PathFollowing.cpp:73:8:double PathFollowing::getKtVal()	16	static
PathFollowing.cpp:78:6:void PathFollowing::setTargetPathSingle(double, double, double)	40	static
PathFollowing.cpp:85:6:void PathFollowing::setTargetPathMulti()	24	static
PathFollowing.cpp:94:6:void PathFollowing::targetUpdate()	40	static
PathFollowing.cpp:116:6:void PathFollowing::setCurrentPath(double, double, double)	40	static
PathFollowing.cpp:123:6:void PathFollowing::getTargetVelocitys(double&, double&)	24	static
PathFollowing.cpp:129:6:void PathFollowing::flip()	16	static
PathFollowing.cpp:136:6:void PathFollowing::start()	16	static
PathFollowing.cpp:141:6:void PathFollowing::stop()	16	static
