stm32f4xx_it.c:77:6:NMI_Handler	4	static
stm32f4xx_it.c:92:6:HardFault_Handler	4	static
stm32f4xx_it.c:107:6:MemManage_Handler	4	static
stm32f4xx_it.c:122:6:BusFault_Handler	4	static
stm32f4xx_it.c:137:6:UsageFault_Handler	4	static
stm32f4xx_it.c:152:6:SVC_Handler	4	static
stm32f4xx_it.c:165:6:DebugMon_Handler	4	static
stm32f4xx_it.c:178:6:PendSV_Handler	4	static
stm32f4xx_it.c:191:6:SysTick_Handler	8	static
stm32f4xx_it.c:212:6:EXTI2_IRQHandler	8	static
stm32f4xx_it.c:226:6:EXTI9_5_IRQHandler	8	static
stm32f4xx_it.c:240:6:TIM8_UP_TIM13_IRQHandler	8	static
stm32f4xx_it.c:255:6:SDIO_IRQHandler	8	static
stm32f4xx_it.c:269:6:TIM6_DAC_IRQHandler	8	static
stm32f4xx_it.c:283:6:TIM7_IRQHandler	8	static
stm32f4xx_it.c:297:6:DMA2_Stream2_IRQHandler	8	static
stm32f4xx_it.c:311:6:DMA2_Stream3_IRQHandler	8	static
stm32f4xx_it.c:325:6:DMA2_Stream6_IRQHandler	8	static
