stm32f4xx_hal_msp.c:67:6:HAL_MspInit	16	static
stm32f4xx_hal_msp.c:89:6:HAL_ADC_MspInit	56	static
stm32f4xx_hal_msp.c:167:6:HAL_ADC_MspDeInit	16	static
stm32f4xx_hal_msp.c:215:6:HAL_I2C_MspInit	56	static
stm32f4xx_hal_msp.c:275:6:HAL_I2C_MspDeInit	16	static
stm32f4xx_hal_msp.c:326:6:HAL_SD_MspInit	48	static
stm32f4xx_hal_msp.c:375:6:HAL_SD_MspDeInit	16	static
stm32f4xx_hal_msp.c:411:6:HAL_SPI_MspInit	48	static
stm32f4xx_hal_msp.c:449:6:HAL_SPI_MspDeInit	16	static
stm32f4xx_hal_msp.c:480:6:HAL_TIM_PWM_MspInit	48	static
stm32f4xx_hal_msp.c:527:6:HAL_TIM_Base_MspInit	24	static
stm32f4xx_hal_msp.c:563:6:HAL_TIM_Encoder_MspInit	48	static
stm32f4xx_hal_msp.c:593:6:HAL_TIM_MspPostInit	48	static
stm32f4xx_hal_msp.c:647:6:HAL_TIM_PWM_MspDeInit	16	static
stm32f4xx_hal_msp.c:689:6:HAL_TIM_Base_MspDeInit	16	static
stm32f4xx_hal_msp.c:725:6:HAL_TIM_Encoder_MspDeInit	16	static
stm32f4xx_hal_msp.c:754:6:HAL_UART_MspInit	48	static
stm32f4xx_hal_msp.c:790:6:HAL_UART_MspDeInit	16	static
