stm32f4xx_hal_msp.c:67:6:HAL_MspInit	16	static
stm32f4xx_hal_msp.c:89:6:HAL_ADC_MspInit	56	static
stm32f4xx_hal_msp.c:167:6:HAL_ADC_MspDeInit	16	static
stm32f4xx_hal_msp.c:215:6:HAL_I2C_MspInit	48	static
stm32f4xx_hal_msp.c:251:6:HAL_I2C_MspDeInit	16	static
stm32f4xx_hal_msp.c:282:6:HAL_SD_MspInit	48	static
stm32f4xx_hal_msp.c:331:6:HAL_SD_MspDeInit	16	static
stm32f4xx_hal_msp.c:367:6:HAL_SPI_MspInit	48	static
stm32f4xx_hal_msp.c:405:6:HAL_SPI_MspDeInit	16	static
stm32f4xx_hal_msp.c:436:6:HAL_TIM_PWM_MspInit	48	static
stm32f4xx_hal_msp.c:483:6:HAL_TIM_Base_MspInit	24	static
stm32f4xx_hal_msp.c:519:6:HAL_TIM_Encoder_MspInit	48	static
stm32f4xx_hal_msp.c:549:6:HAL_TIM_MspPostInit	48	static
stm32f4xx_hal_msp.c:603:6:HAL_TIM_PWM_MspDeInit	16	static
stm32f4xx_hal_msp.c:645:6:HAL_TIM_Base_MspDeInit	16	static
stm32f4xx_hal_msp.c:681:6:HAL_TIM_Encoder_MspDeInit	16	static
stm32f4xx_hal_msp.c:710:6:HAL_UART_MspInit	48	static
stm32f4xx_hal_msp.c:746:6:HAL_UART_MspDeInit	16	static
