stm32f4xx_hal_msp.c:71:6:HAL_MspInit	16	static
stm32f4xx_hal_msp.c:93:6:HAL_ADC_MspInit	56	static
stm32f4xx_hal_msp.c:171:6:HAL_ADC_MspDeInit	16	static
stm32f4xx_hal_msp.c:219:6:HAL_I2C_MspInit	56	static
stm32f4xx_hal_msp.c:279:6:HAL_I2C_MspDeInit	16	static
stm32f4xx_hal_msp.c:330:6:HAL_SD_MspInit	48	static
stm32f4xx_hal_msp.c:425:6:HAL_SD_MspDeInit	16	static
stm32f4xx_hal_msp.c:467:6:HAL_SPI_MspInit	48	static
stm32f4xx_hal_msp.c:504:6:HAL_SPI_MspDeInit	16	static
stm32f4xx_hal_msp.c:534:6:HAL_TIM_PWM_MspInit	56	static
stm32f4xx_hal_msp.c:592:6:HAL_TIM_Base_MspInit	32	static
stm32f4xx_hal_msp.c:650:6:HAL_TIM_Encoder_MspInit	48	static
stm32f4xx_hal_msp.c:680:6:HAL_TIM_MspPostInit	56	static
stm32f4xx_hal_msp.c:797:6:HAL_TIM_PWM_MspDeInit	16	static
stm32f4xx_hal_msp.c:849:6:HAL_TIM_Base_MspDeInit	16	static
stm32f4xx_hal_msp.c:907:6:HAL_TIM_Encoder_MspDeInit	16	static
stm32f4xx_hal_msp.c:936:6:HAL_UART_MspInit	48	static
stm32f4xx_hal_msp.c:972:6:HAL_UART_MspDeInit	16	static
