std_abs.h:74:3:constexpr float std::abs(float)	16	static
wrapper.cpp:64:6:void batteryLowMode()	8	static
wrapper.cpp:85:6:void cppInit()	16	static
wrapper.cpp:164:6:void cppFlip1ms()	8	static
wrapper.cpp:198:6:void cppFlip100ns()	8	static
wrapper.cpp:203:6:void cppFlip10ms()	8	static
wrapper.cpp:237:6:void cppExit(uint16_t)	16	static
wrapper.cpp:247:6:void cppLoop()	32	static
wrapper.cpp:1375:6:void prameterSttingMode()	4	static
wrapper.cpp:1378:1:void __static_initialization_and_destruction_0(int, int)	40	static
wrapper.cpp:1378:1:cpp)	8	static
