std_abs.h:74:3:constexpr float std::abs(float)	16	static
wrapper.cpp:58:6:void batteryLowMode()	8	static
wrapper.cpp:79:6:void cppInit()	16	static
wrapper.cpp:137:6:void cppFlip1ms()	8	static
wrapper.cpp:171:6:void cppFlip100ns()	8	static
wrapper.cpp:176:6:void cppFlip10ms()	8	static
wrapper.cpp:201:6:void cppExit(uint16_t)	16	static
wrapper.cpp:206:6:void cppLoop()	40	static
wrapper.cpp:978:6:void prameterSttingMode()	4	static
wrapper.cpp:981:1:void __static_initialization_and_destruction_0(int, int)	40	static
wrapper.cpp:981:1:cpp)	8	static
