gthr-default.h:229:1:int __gthread_key_delete(__gthread_key_t)	16	static
std_abs.h:74:3:constexpr float std::abs(float)	16	static
wrapper.cpp:92:6:void batteryLowMode()	8	static
wrapper.cpp:113:6:void cppInit()	16	static
wrapper.cpp:184:6:void cppFlip1ms()	8	static
wrapper.cpp:215:6:void cppFlip100ns()	8	static
wrapper.cpp:220:6:void cppFlip10ms()	64	static
wrapper.cpp:310:6:void cppExit(uint16_t)	16	static
wrapper.cpp:320:6:void cppLoop()	40	static
wrapper.cpp:1646:1:void __static_initialization_and_destruction_0(int, int)	40	static
wrapper.cpp:1646:1:cpp)	8	static
wrapper.cpp:1646:1:cpp)	8	static
