gthr-default.h:229:1:int __gthread_key_delete(__gthread_key_t)	16	static
std_abs.h:70:3:constexpr double std::abs(double)	16	static
std_abs.h:74:3:constexpr float std::abs(float)	16	static
wrapper.cpp:99:6:void batteryLowMode()	8	static
wrapper.cpp:120:6:void cppInit()	16	static
wrapper.cpp:193:6:void cppFlip1ms()	8	static
wrapper.cpp:224:6:void cppFlip100ns()	8	static
wrapper.cpp:229:6:void cppFlip10ms()	64	static
wrapper.cpp:321:6:void cppExit(uint16_t)	16	static
wrapper.cpp:331:6:void cppLoop()	56	static
wrapper.cpp:1735:1:void __static_initialization_and_destruction_0(int, int)	40	static
wrapper.cpp:1735:1:cpp)	8	static
wrapper.cpp:1735:1:cpp)	8	static
