gthr-default.h:229:1:int __gthread_key_delete(__gthread_key_t)	16	static
std_abs.h:74:3:constexpr float std::abs(float)	16	static
wrapper.cpp:67:6:void batteryLowMode()	8	static
wrapper.cpp:88:6:void cppInit()	16	static
wrapper.cpp:167:6:void cppFlip1ms()	8	static
wrapper.cpp:201:6:void cppFlip100ns()	8	static
wrapper.cpp:206:6:void cppFlip10ms()	8	static
wrapper.cpp:243:6:void cppExit(uint16_t)	16	static
wrapper.cpp:253:6:void cppLoop()	40	static
wrapper.cpp:1397:6:void prameterSttingMode()	4	static
wrapper.cpp:1400:1:void __static_initialization_and_destruction_0(int, int)	48	static
wrapper.cpp:1400:1:cpp)	8	static
wrapper.cpp:1400:1:cpp)	8	static
