wrapper.cpp:52:6:void batteryLowMode()	8	static
wrapper.cpp:73:6:void cppInit()	16	static
wrapper.cpp:133:6:void cppFlip1ms()	8	static
wrapper.cpp:168:6:void cppFlip100ns()	8	static
wrapper.cpp:174:6:void cppFlip10ms()	8	static
wrapper.cpp:197:6:void cppExit(uint16_t)	16	static
wrapper.cpp:202:6:void cppLoop()	48	static
wrapper.cpp:698:6:void prameterSttingMode()	4	static
wrapper.cpp:701:1:void __static_initialization_and_destruction_0(int, int)	40	static
wrapper.cpp:701:1:cpp)	8	static
