bsp_driver_sd.c:47:16:BSP_SD_Init	16	static
bsp_driver_sd.c:69:16:BSP_SD_ITConfig	4	static
bsp_driver_sd.c:78:13:BSP_SD_DetectIT	4	static
bsp_driver_sd.c:95:16:BSP_SD_ReadBlocks	40	static
bsp_driver_sd.c:118:16:BSP_SD_WriteBlocks	40	static
bsp_driver_sd.c:140:16:BSP_SD_ReadBlocks_DMA	32	static
bsp_driver_sd.c:163:16:BSP_SD_WriteBlocks_DMA	32	static
bsp_driver_sd.c:185:16:BSP_SD_Erase	24	static
bsp_driver_sd.c:205:16:BSP_SD_GetCardState	8	static
bsp_driver_sd.c:215:13:BSP_SD_GetCardInfo	16	static
bsp_driver_sd.c:229:6:HAL_SD_AbortCallback	16	static
bsp_driver_sd.c:239:6:HAL_SD_TxCpltCallback	16	static
bsp_driver_sd.c:249:6:HAL_SD_RxCpltCallback	16	static
bsp_driver_sd.c:260:13:BSP_SD_AbortCallback	4	static
bsp_driver_sd.c:270:13:BSP_SD_WriteCpltCallback	4	static
bsp_driver_sd.c:280:13:BSP_SD_ReadCpltCallback	4	static
bsp_driver_sd.c:292:16:BSP_SD_IsDetected	16	static
